Archive member included to satisfy reference by file (symbol)

c:/mingw/bin/../lib/gcc/mingw32/9.2.0/libstdc++.dll.a(d004781.o)
                              C:\Users\Kurt\AppData\Local\Temp\ccRy2O90.o (std::basic_ostream<char, std::char_traits<char> >& std::operator<< <std::char_traits<char> >(std::basic_ostream<char, std::char_traits<char> >&, char const*))
c:/mingw/bin/../lib/gcc/mingw32/9.2.0/libstdc++.dll.a(d004675.o)
                              C:\Users\Kurt\AppData\Local\Temp\ccRy2O90.o (std::cout)
c:/mingw/bin/../lib/gcc/mingw32/9.2.0/libstdc++.dll.a(d004403.o)
                              C:\Users\Kurt\AppData\Local\Temp\ccRy2O90.o (std::ios_base::Init::~Init())
c:/mingw/bin/../lib/gcc/mingw32/9.2.0/libstdc++.dll.a(d004401.o)
                              C:\Users\Kurt\AppData\Local\Temp\ccRy2O90.o (std::ios_base::Init::Init())
c:/mingw/bin/../lib/gcc/mingw32/9.2.0/libstdc++.dll.a(d001595.o)
                              C:\Users\Kurt\AppData\Local\Temp\ccRy2O90.o (std::ostream::operator<<(int))
c:/mingw/bin/../lib/gcc/mingw32/9.2.0/libstdc++.dll.a(d000000.o)
                              c:/mingw/bin/../lib/gcc/mingw32/9.2.0/libstdc++.dll.a(d004781.o) (_head_libstdc___6_dll)
c:/mingw/bin/../lib/gcc/mingw32/9.2.0/libstdc++.dll.a(d005664.o)
                              c:/mingw/bin/../lib/gcc/mingw32/9.2.0/libstdc++.dll.a(d000000.o) (libstdc___6_dll_iname)
c:/mingw/bin/../lib/gcc/mingw32/9.2.0/../../../libmingw32.a(CRTglob.o)
                              c:/mingw/bin/../lib/gcc/mingw32/9.2.0/../../../crt2.o (_CRT_glob)
c:/mingw/bin/../lib/gcc/mingw32/9.2.0/../../../libmingw32.a(setargv.o)
                              c:/mingw/bin/../lib/gcc/mingw32/9.2.0/../../../crt2.o (_setargv)
c:/mingw/bin/../lib/gcc/mingw32/9.2.0/../../../libmingw32.a(CRTfmode.o)
                              c:/mingw/bin/../lib/gcc/mingw32/9.2.0/../../../crt2.o (_CRT_fmode)
c:/mingw/bin/../lib/gcc/mingw32/9.2.0/../../../libmingw32.a(cpu_features.o)
                              c:/mingw/bin/../lib/gcc/mingw32/9.2.0/../../../crt2.o (__cpu_features_init)
c:/mingw/bin/../lib/gcc/mingw32/9.2.0/../../../libmingw32.a(CRT_fp10.o)
                              c:/mingw/bin/../lib/gcc/mingw32/9.2.0/../../../crt2.o (_CRT_fenv)
c:/mingw/bin/../lib/gcc/mingw32/9.2.0/../../../libmingw32.a(txtmode.o)
                              c:/mingw/bin/../lib/gcc/mingw32/9.2.0/../../../crt2.o (_fmode)
c:/mingw/bin/../lib/gcc/mingw32/9.2.0/../../../libmingw32.a(gccmain.o)
                              c:/mingw/bin/../lib/gcc/mingw32/9.2.0/../../../crt2.o (__main)
c:/mingw/bin/../lib/gcc/mingw32/9.2.0/../../../libmingw32.a(tlssup.o)
                              c:/mingw/bin/../lib/gcc/mingw32/9.2.0/../../../crt2.o (__dyn_tls_init_callback)
c:/mingw/bin/../lib/gcc/mingw32/9.2.0/../../../libmingw32.a(tlsthrd.o)
                              c:/mingw/bin/../lib/gcc/mingw32/9.2.0/../../../libmingw32.a(tlssup.o) (__mingw_TLScallback)
c:/mingw/bin/../lib/gcc/mingw32/9.2.0/../../../libmingw32.a(pseudo-reloc.o)
                              c:/mingw/bin/../lib/gcc/mingw32/9.2.0/../../../crt2.o (_pei386_runtime_relocator)
c:/mingw/bin/../lib/gcc/mingw32/9.2.0/../../../libmingw32.a(pseudo-reloc-list.o)
                              c:/mingw/bin/../lib/gcc/mingw32/9.2.0/../../../libmingw32.a(pseudo-reloc.o) (__RUNTIME_PSEUDO_RELOC_LIST__)
c:/mingw/bin/../lib/gcc/mingw32/9.2.0/../../../libmingw32.a(crtst.o)
                              c:/mingw/bin/../lib/gcc/mingw32/9.2.0/../../../libmingw32.a(tlssup.o) (_CRT_MT)
c:/mingw/bin/../lib/gcc/mingw32/9.2.0/../../../libmingwex.a(fesetenv.o)
                              c:/mingw/bin/../lib/gcc/mingw32/9.2.0/../../../crt2.o (fesetenv)
c:/mingw/bin/../lib/gcc/mingw32/9.2.0/../../../libmingwex.a(vprintf.o)
                              C:\Users\Kurt\AppData\Local\Temp\ccRy2O90.o (__mingw_vprintf)
c:/mingw/bin/../lib/gcc/mingw32/9.2.0/../../../libmingwex.a(free.o)
                              c:/mingw/bin/../lib/gcc/mingw32/9.2.0/../../../libmingw32.a(tlsthrd.o) (__mingw_free)
c:/mingw/bin/../lib/gcc/mingw32/9.2.0/../../../libmingwex.a(glob.o)
                              c:/mingw/bin/../lib/gcc/mingw32/9.2.0/../../../libmingw32.a(setargv.o) (__mingw_glob)
c:/mingw/bin/../lib/gcc/mingw32/9.2.0/../../../libmingwex.a(dirname.o)
                              c:/mingw/bin/../lib/gcc/mingw32/9.2.0/../../../libmingwex.a(glob.o) (__mingw_dirname)
c:/mingw/bin/../lib/gcc/mingw32/9.2.0/../../../libmingwex.a(dirent.o)
                              c:/mingw/bin/../lib/gcc/mingw32/9.2.0/../../../libmingwex.a(glob.o) (__mingw_opendir)
c:/mingw/bin/../lib/gcc/mingw32/9.2.0/../../../libmingwex.a(pformat.o)
                              c:/mingw/bin/../lib/gcc/mingw32/9.2.0/../../../libmingwex.a(vprintf.o) (__mingw_pformat)
c:/mingw/bin/../lib/gcc/mingw32/9.2.0/../../../libmingwex.a(varofmt.o)
[...]
Memory Configuration

Name             Origin             Length             Attributes
*default*        0x00000000         0xffffffff

Linker script and memory map

                0x00400000                __image_base__ = 0x400000
                0x00000000                __dll__ = 0x0
                0x00400000                ___ImageBase = 0x400000
                0x00001000                __section_alignment__ = 0x1000
                0x00000200                __file_alignment__ = 0x200
                0x00000004                __major_os_version__ = 0x4
                0x00000000                __minor_os_version__ = 0x0
                0x00000001                __major_image_version__ = 0x1
                0x00000000                __minor_image_version__ = 0x0
                0x00000004                __major_subsystem_version__ = 0x4
                0x00000000                __minor_subsystem_version__ = 0x0
                0x00000003                __subsystem__ = 0x3
                0x00200000                __size_of_stack_reserve__ = 0x200000
                0x00001000                __size_of_stack_commit__ = 0x1000
                0x00100000                __size_of_heap_reserve__ = 0x100000
                0x00001000                __size_of_heap_commit__ = 0x1000
                0x00000000                __loader_flags__ = 0x0
                0x00000000                __dll_characteristics__ = 0x0
LOAD c:/mingw/bin/../lib/gcc/mingw32/9.2.0/../../../crt2.o
LOAD c:/mingw/bin/../lib/gcc/mingw32/9.2.0/crtbegin.o
LOAD C:\Users\Kurt\AppData\Local\Temp\ccRy2O90.o
LOAD c:/mingw/bin/../lib/gcc/mingw32/9.2.0/libstdc++.dll.a
LOAD c:/mingw/bin/../lib/gcc/mingw32/9.2.0/../../../libmingw32.a
LOAD c:/mingw/bin/../lib/gcc/mingw32/9.2.0/../../../libmingwex.a
LOAD c:/mingw/bin/../lib/gcc/mingw32/9.2.0/../../../libmingw32.a
LOAD c:/mingw/bin/../lib/gcc/mingw32/9.2.0/../../../libmingwex.a
LOAD c:/mingw/bin/../lib/gcc/mingw32/9.2.0/libgcc_s.a
LOAD c:/mingw/bin/../lib/gcc/mingw32/9.2.0/libgcc.a
LOAD c:/mingw/bin/../lib/gcc/mingw32/9.2.0/../../../libmoldname.a
LOAD c:/mingw/bin/../lib/gcc/mingw32/9.2.0/../../../libmsvcrt.a
LOAD c:/mingw/bin/../lib/gcc/mingw32/9.2.0/../../../libadvapi32.a
LOAD c:/mingw/bin/../lib/gcc/mingw32/9.2.0/../../../libshell32.a
LOAD c:/mingw/bin/../lib/gcc/mingw32/9.2.0/../../../libuser32.a
LOAD c:/mingw/bin/../lib/gcc/mingw32/9.2.0/../../../libkernel32.a
LOAD c:/mingw/bin/../lib/gcc/mingw32/9.2.0/../../../libmingw32.a
LOAD c:/mingw/bin/../lib/gcc/mingw32/9.2.0/../../../libmingwex.a
LOAD c:/mingw/bin/../lib/gcc/mingw32/9.2.0/../../../libmingw32.a
LOAD c:/mingw/bin/../lib/gcc/mingw32/9.2.0/../../../libmingwex.a
LOAD c:/mingw/bin/../lib/gcc/mingw32/9.2.0/libgcc_s.a
LOAD c:/mingw/bin/../lib/gcc/mingw32/9.2.0/libgcc.a
LOAD c:/mingw/bin/../lib/gcc/mingw32/9.2.0/../../../libmoldname.a
LOAD c:/mingw/bin/../lib/gcc/mingw32/9.2.0/../../../libmsvcrt.a
LOAD c:/mingw/bin/../lib/gcc/mingw32/9.2.0/crtend.o
                0x000003a8                . = SIZEOF_HEADERS
                0x00001000                . = ALIGN (__section_alignment__)

.text           0x00401000     0x9200
 *(.init)
 *(.text)
 .text          0x00401000      0x330 c:/mingw/bin/../lib/gcc/mingw32/9.2.0/../../../crt2.o
                0x00401290                _mingw32_init_mainargs
                0x004012d0                mainCRTStartup
                0x004012f0                WinMainCRTStartup
                0x00401310                atexit
                0x00401320                _onexit
 .text          0x00401330       0xe0 c:/mingw/bin/../lib/gcc/mingw32/9.2.0/crtbegin.o
                0x00401330                __gcc_register_frame
                0x004013e0                __gcc_deregister_frame
 .text          0x00401410      0x104 C:\Users\Kurt\AppData\Local\Temp\ccRy2O90.o
                0x00401439                printInC
                0x00401455                myOwnFunction(int)
                0x00401462                _fu0___ZSt4cout
                0x00401481                main
 .text          0x00401514        0x8 c:/mingw/bin/../lib/gcc/mingw32/9.2.0/libstdc++.dll.a(d004781.o)
                0x00401514                std::basic_ostream<char, std::char_traits<char> >& std::operator<< <std::char_traits<char> >(std::basic_ostream<char, std::char_traits<char> >&, char const*)
 .text          0x0040151c        0x0 c:/mingw/bin/../lib/gcc/mingw32/9.2.0/libstdc++.dll.a(d004675.o)
 .text          0x0040151c        0x8 c:/mingw/bin/../lib/gcc/mingw32/9.2.0/libstdc++.dll.a(d004403.o)
                0x0040151c                std::ios_base::Init::~Init()
 .text          0x00401524        0x8 c:/mingw/bin/../lib/gcc/mingw32/9.2.0/libstdc++.dll.a(d004401.o)
                0x00401524                std::ios_base::Init::Init()
 .text          0x0040152c        0x8 c:/mingw/bin/../lib/gcc/mingw32/9.2.0/libstdc++.dll.a(d001595.o)
                0x0040152c                std::ostream::operator<<(int)
 .text          0x00401534        0x0 c:/mingw/bin/../lib/gcc/mingw32/9.2.0/../../../libmingw32.a(CRTglob.o)
 *fill*         0x00401534        0xc 
 .text          0x00401540      0x3a0 c:/mingw/bin/../lib/gcc/mingw32/9.2.0/../../../libmingw32.a(setargv.o)
                0x00401540                _setargv
 .text          0x004018e0        0x0 c:/mingw/bin/../lib/gcc/mingw32/9.2.0/../../../libmingw32.a(CRTfmode.o)
 .text          0x004018e0      0x110 c:/mingw/bin/../lib/gcc/mingw32/9.2.0/../../../libmingw32.a(cpu_features.o)
                0x004018e0                __cpu_features_init
 .text          0x004019f0        0x0 c:/mingw/bin/../lib/gcc/mingw32/9.2.0/../../../libmingw32.a(CRT_fp10.o)
 .text          0x004019f0        0x0 c:/mingw/bin/../lib/gcc/mingw32/9.2.0/../../../libmingw32.a(txtmode.o)
 .text          0x004019f0       0xc0 c:/mingw/bin/../lib/gcc/mingw32/9.2.0/../../../libmingw32.a(gccmain.o)
                0x004019f0                __do_global_dtors
                0x00401a30                __do_global_ctors
                0x00401a90                __main
 .text          0x00401ab0      0x110 c:/mingw/bin/../lib/gcc/mingw32/9.2.0/../../../libmingw32.a(tlssup.o)
                0x00401b00                __dyn_tls_init@12
                0x00401bb0                __tlregdtor
 .text          0x00401bc0      0x230 c:/mingw/bin/../lib/gcc/mingw32/9.2.0/../../../libmingw32.a(tlsthrd.o)
                0x00401c20                ___w64_mingwthr_add_key_dtor
                0x00401ca0                ___w64_mingwthr_remove_key_dtor
                0x00401d30                __mingw_TLScallback
 .text          0x00401df0      0x330 c:/mingw/bin/../lib/gcc/mingw32/9.2.0/../../../libmingw32.a(pseudo-reloc.o)
                0x00401f30                _pei386_runtime_relocator
 .text          0x00402120        0x0 c:/mingw/bin/../lib/gcc/mingw32/9.2.0/../../../libmingw32.a(pseudo-reloc-list.o)
 .text          0x00402120        0x0 c:/mingw/bin/../lib/gcc/mingw32/9.2.0/../../../libmingw32.a(crtst.o)
 .text          0x00402120       0x80 c:/mingw/bin/../lib/gcc/mingw32/9.2.0/../../../libmingwex.a(fesetenv.o)
                0x00402120                fesetenv
 .text          0x004021a0       0x40 c:/mingw/bin/../lib/gcc/mingw32/9.2.0/../../../libmingwex.a(vprintf.o)
                0x004021a0                __mingw_vprintf
 .text          0x004021e0       0x30 c:/mingw/bin/../lib/gcc/mingw32/9.2.0/../../../libmingwex.a(free.o)
                0x004021e0                __mingw_free
                0x004021e0                __mingw_aligned_free
 .text          0x00402210     0x1100 c:/mingw/bin/../lib/gcc/mingw32/9.2.0/../../../libmingwex.a(glob.o)
                0x004031b0                __mingw_glob
                0x004032b0                __mingw_globfree
 .text          0x00403310      0x420 c:/mingw/bin/../lib/gcc/mingw32/9.2.0/../../../libmingwex.a(dirname.o)
                0x00403310                __mingw_dirname
 .text          0x00403730      0x560 c:/mingw/bin/../lib/gcc/mingw32/9.2.0/../../../libmingwex.a(dirent.o)
                0x004038e0                __mingw_opendir
                0x00403ae0                __mingw_readdir
                0x00403b30                __mingw_closedir
                0x00403b80                __mingw_rewinddir
                0x00403be0                __mingw_telldir
                0x00403c10                __mingw_seekdir
 .text          0x00403c90     0x2c40 c:/mingw/bin/../lib/gcc/mingw32/9.2.0/../../../libmingwex.a(pformat.o)
                0x004059a0                __mingw_pformat
 .text          0x004068d0        0x0 c:/mingw/bin/../lib/gcc/mingw32/9.2.0/../../../libmingwex.a(varofmt.o)
 .text          0x004068d0       0xc0 c:/mingw/bin/../lib/gcc/mingw32/9.2.0/../../../libmingwex.a(memalign-base.o)
                0x004068d0                __mingw_memalign_base
 .text          0x00406990       0x80 c:/mingw/bin/../lib/gcc/mingw32/9.2.0/../../../libmingwex.a(realloc.o)
                0x00406990                __mingw_realloc
 .text          0x00406a10       0x50 c:/mingw/bin/../lib/gcc/mingw32/9.2.0/../../../libmingwex.a(mbrtowc.o)
                0x00406a10                mbrtowc
 .text          0x00406a60      0x120 c:/mingw/bin/../lib/gcc/mingw32/9.2.0/../../../libmingwex.a(wcrtomb.o)
                0x00406a60                wcrtomb
 .text          0x00406b80     0x1670 c:/mingw/bin/../lib/gcc/mingw32/9.2.0/../../../libmingwex.a(gdtoa.o)
                0x00406b80                __gdtoa
 .text          0x004081f0      0x150 c:/mingw/bin/../lib/gcc/mingw32/9.2.0/../../../libmingwex.a(gmisc.o)
                0x004081f0                __rshift_D2A
                0x00408300                __trailz_D2A
 .text          0x00408340      0x2f0 c:/mingw/bin/../lib/gcc/mingw32/9.2.0/../../../libmingwex.a(dmisc.o)
                0x00408340                __rv_alloc_D2A
                0x00408380                __nrv_alloc_D2A
                0x00408400                __freedtoa
                0x00408420                __quorem_D2A
 .text          0x00408630      0xca0 c:/mingw/bin/../lib/gcc/mingw32/9.2.0/../../../libmingwex.a(misc.o)
                0x00408750                __Balloc_D2A
                0x00408840                __Bfree_D2A
                0x004088a0                __multadd_D2A
                0x00408980                __i2b_D2A
                0x004089b0                __mult_D2A
                0x00408b50                __pow5mult_D2A
                0x00408cd0                __lshift_D2A
                0x00408e10                __cmp_D2A
                0x00408e60                __diff_D2A
                0x004090a0                __b2d_D2A
                0x004091b0                __d2b_D2A
                0x004092a0                __strcp_D2A
 .text          0x004092d0        0x0 c:/mingw/bin/../lib/gcc/mingw32/9.2.0/../../../libmingwex.a(memalign-lwm.o)
 .text          0x004092d0       0xe0 c:/mingw/bin/../lib/gcc/mingw32/9.2.0/../../../libmingwex.a(memalign-realloc.o)
                0x004092d0                __mingw_memalign_realloc
 .text          0x004093b0      0x1f0 c:/mingw/bin/../lib/gcc/mingw32/9.2.0/../../../libmingwex.a(mbrconv.o)
                0x004093b0                __mingw_mbrtowc_handler
 .text          0x004095a0      0x4b0 c:/mingw/bin/../lib/gcc/mingw32/9.2.0/../../../libmingwex.a(mbrscan.o)
                0x004095a0                __mingw_mbrtowc_codeset_init
                0x004095c0                __mingw_mbrlen_cur_max_init
                0x004095f0                __mingw_mbrlen_cur_max
                0x00409610                __mingw_mbtowc_convert
                0x004096a0                __mingw_mbrscan_begin
                0x00409930                __mingw_mbtowc_copy
 .text          0x00409a50      0x2a0 c:/mingw/bin/../lib/gcc/mingw32/9.2.0/../../../libmingwex.a(wcharmap.o)
                0x00409a50                __mingw_wctomb_codeset_init
                0x00409a70                __mingw_wctomb_cur_max_init
                0x00409aa0                __mingw_wctomb_cur_max
                0x00409ac0                __mingw_wctomb_convert
 .text          0x00409cf0      0x160 c:/mingw/bin/../lib/gcc/mingw32/9.2.0/../../../libmingwex.a(codeset.o)
                0x00409cf0                __mb_codeset_for_locale
                0x00409e20                __mb_cur_max_for_codeset
 .text          0x00409e50        0x8 c:/mingw/bin/../lib/gcc/mingw32/9.2.0/libgcc_s.a(d000121.o)
                0x00409e50                __umoddi3
 .text          0x00409e58        0x8 c:/mingw/bin/../lib/gcc/mingw32/9.2.0/libgcc_s.a(d000119.o)
                0x00409e58                __udivdi3
 .text          0x00409e60        0x8 c:/mingw/bin/../lib/gcc/mingw32/9.2.0/libgcc_s.a(d000107.o)
                0x00409e60                __register_frame_info
 .text          0x00409e68        0x8 c:/mingw/bin/../lib/gcc/mingw32/9.2.0/libgcc_s.a(d000046.o)
                0x00409e68                __emutls_get_address
 .text          0x00409e70        0x8 c:/mingw/bin/../lib/gcc/mingw32/9.2.0/libgcc_s.a(d000037.o)
                0x00409e70                __deregister_frame_info
 .text          0x00409e78       0x2c c:/mingw/bin/../lib/gcc/mingw32/9.2.0/libgcc.a(_chkstk_ms.o)
                0x00409e78                __chkstk_ms
 .text          0x00409ea4        0x0 c:/mingw/bin/../lib/gcc/mingw32/9.2.0/libgcc.a(_ctors.o)
 .text          0x00409ea4        0x8 c:/mingw/bin/../lib/gcc/mingw32/9.2.0/../../../libmoldname.a(dlhslbs00082.o)
                0x00409ea4                stricoll
 .text          0x00409eac        0x8 c:/mingw/bin/../lib/gcc/mingw32/9.2.0/../../../libmoldname.a(dlhslbs00080.o)
                0x00409eac                strdup
 .text          0x00409eb4        0x0 c:/mingw/bin/../lib/gcc/mingw32/9.2.0/../../../libmoldname.a(dlhslbh.o)
 .text          0x00409eb4        0x0 c:/mingw/bin/../lib/gcc/mingw32/9.2.0/../../../libmoldname.a(dlhslbt.o)
 .text          0x00409eb4        0x8 c:/mingw/bin/../lib/gcc/mingw32/9.2.0/../../../libmsvcrt.a(dzsrlbs01319.o)
                0x00409eb4                wcstombs
 .text          0x00409ebc        0x8 c:/mingw/bin/../lib/gcc/mingw32/9.2.0/../../../libmsvcrt.a(dzsrlbs01302.o)
                0x00409ebc                wcslen
 .text          0x00409ec4        0x8 c:/mingw/bin/../lib/gcc/mingw32/9.2.0/../../../libmsvcrt.a(dzsrlbs01278.o)
                0x00409ec4                vfprintf
 .text          0x00409ecc        0x8 c:/mingw/bin/../lib/gcc/mingw32/9.2.0/../../../libmsvcrt.a(dzsrlbs01271.o)
                0x00409ecc                tolower
 .text          0x00409ed4        0x8 c:/mingw/bin/../lib/gcc/mingw32/9.2.0/../../../libmsvcrt.a(dzsrlbs01243.o)
                0x00409ed4                strlen
 .text          0x00409edc        0x8 c:/mingw/bin/../lib/gcc/mingw32/9.2.0/../../../libmsvcrt.a(dzsrlbs01236.o)
                0x00409edc                strcoll
 .text          0x00409ee4        0x8 c:/mingw/bin/../lib/gcc/mingw32/9.2.0/../../../libmsvcrt.a(dzsrlbs01235.o)
                0x00409ee4                strcmp
 .text          0x00409eec        0x8 c:/mingw/bin/../lib/gcc/mingw32/9.2.0/../../../libmsvcrt.a(dzsrlbs01234.o)
                0x00409eec                strchr
 .text          0x00409ef4        0x8 c:/mingw/bin/../lib/gcc/mingw32/9.2.0/../../../libmsvcrt.a(dzsrlbs01223.o)
                0x00409ef4                signal
 .text          0x00409efc        0x8 c:/mingw/bin/../lib/gcc/mingw32/9.2.0/../../../libmsvcrt.a(dzsrlbs01221.o)
                0x00409efc                setlocale
 .text          0x00409f04        0x8 c:/mingw/bin/../lib/gcc/mingw32/9.2.0/../../../libmsvcrt.a(dzsrlbs01195.o)
                0x00409f04                memmove
 .text          0x00409f0c        0x8 c:/mingw/bin/../lib/gcc/mingw32/9.2.0/../../../libmsvcrt.a(dzsrlbs01193.o)
                0x00409f0c                memcpy
 .text          0x00409f14        0x8 c:/mingw/bin/../lib/gcc/mingw32/9.2.0/../../../libmsvcrt.a(dzsrlbs01188.o)
                0x00409f14                mbstowcs
 .text          0x00409f1c        0x8 c:/mingw/bin/../lib/gcc/mingw32/9.2.0/../../../libmsvcrt.a(dzsrlbs01181.o)
                0x00409f1c                malloc
 .text          0x00409f24        0x8 c:/mingw/bin/../lib/gcc/mingw32/9.2.0/../../../libmsvcrt.a(dzsrlbs01176.o)
                0x00409f24                localeconv
 .text          0x00409f2c        0x8 c:/mingw/bin/../lib/gcc/mingw32/9.2.0/../../../libmsvcrt.a(dzsrlbs01141.o)
                0x00409f2c                getenv
 .text          0x00409f34        0x8 c:/mingw/bin/../lib/gcc/mingw32/9.2.0/../../../libmsvcrt.a(dzsrlbs01136.o)
                0x00409f34                fwrite
 .text          0x00409f3c        0x8 c:/mingw/bin/../lib/gcc/mingw32/9.2.0/../../../libmsvcrt.a(dzsrlbs01120.o)
                0x00409f3c                fputc
 .text          0x00409f44        0x8 c:/mingw/bin/../lib/gcc/mingw32/9.2.0/../../../libmsvcrt.a(dzsrlbs01092.o)
                0x00409f44                calloc
 .text          0x00409f4c        0x8 c:/mingw/bin/../lib/gcc/mingw32/9.2.0/../../../libmsvcrt.a(dzsrlbs01087.o)
                0x00409f4c                atoi
 .text          0x00409f54        0x0 c:/mingw/bin/../lib/gcc/mingw32/9.2.0/../../../libmsvcrt.a(dzsrlbs01085.o)
 .text          0x00409f54        0x8 c:/mingw/bin/../lib/gcc/mingw32/9.2.0/../../../libmsvcrt.a(dzsrlbs01077.o)
                0x00409f54                abort
 .text          0x00409f5c        0x8 c:/mingw/bin/../lib/gcc/mingw32/9.2.0/../../../libmsvcrt.a(dzsrlbs00747.o)
                0x00409f5c                _setmode
 .text          0x00409f64        0x0 c:/mingw/bin/../lib/gcc/mingw32/9.2.0/../../../libmsvcrt.a(dzsrlbs00692.o)
 .text          0x00409f64        0x0 c:/mingw/bin/../lib/gcc/mingw32/9.2.0/../../../libmsvcrt.a(dzsrlbs00683.o)
 .text          0x00409f64        0x8 c:/mingw/bin/../lib/gcc/mingw32/9.2.0/../../../libmsvcrt.a(dzsrlbs00680.o)
                0x00409f64                _msize
 .text          0x00409f6c        0x8 c:/mingw/bin/../lib/gcc/mingw32/9.2.0/../../../libmsvcrt.a(dzsrlbs00416.o)
                0x00409f6c                _isctype
 .text          0x00409f74        0x0 c:/mingw/bin/../lib/gcc/mingw32/9.2.0/../../../libmsvcrt.a(dzsrlbs00411.o)
 .text          0x00409f74        0x8 c:/mingw/bin/../lib/gcc/mingw32/9.2.0/../../../libmsvcrt.a(dzsrlbs00344.o)
                0x00409f74                _fullpath
 .text          0x00409f7c        0x8 c:/mingw/bin/../lib/gcc/mingw32/9.2.0/../../../libmsvcrt.a(dzsrlbs00279.o)
                0x00409f7c                _errno
 .text          0x00409f84        0x8 c:/mingw/bin/../lib/gcc/mingw32/9.2.0/../../../libmsvcrt.a(dzsrlbs00214.o)
                0x00409f84                _cexit
 .text          0x00409f8c        0x8 c:/mingw/bin/../lib/gcc/mingw32/9.2.0/../../../libmsvcrt.a(dzsrlbs00133.o)
                0x00409f8c                __p__fmode
 .text          0x00409f94        0x8 c:/mingw/bin/../lib/gcc/mingw32/9.2.0/../../../libmsvcrt.a(dzsrlbs00131.o)
                0x00409f94                __p__environ
 .text          0x00409f9c        0x0 c:/mingw/bin/../lib/gcc/mingw32/9.2.0/../../../libmsvcrt.a(dzsrlbs00119.o)
 .text          0x00409f9c        0x8 c:/mingw/bin/../lib/gcc/mingw32/9.2.0/../../../libmsvcrt.a(dzsrlbs00088.o)
                0x00409f9c                __getmainargs
 .text          0x00409fa4        0x0 c:/mingw/bin/../lib/gcc/mingw32/9.2.0/../../../libmsvcrt.a(dzsrlbh.o)
 .text          0x00409fa4        0x0 c:/mingw/bin/../lib/gcc/mingw32/9.2.0/../../../libmsvcrt.a(dzsrlbt.o)
 .text          0x00409fa4        0x8 c:/mingw/bin/../lib/gcc/mingw32/9.2.0/../../../libkernel32.a(dlrulbs01238.o)
                0x00409fa4                WideCharToMultiByte@32
 .text          0x00409fac        0x8 c:/mingw/bin/../lib/gcc/mingw32/9.2.0/../../../libkernel32.a(dlrulbs01206.o)
                0x00409fac                VirtualQuery@12
 .text          0x00409fb4        0x8 c:/mingw/bin/../lib/gcc/mingw32/9.2.0/../../../libkernel32.a(dlrulbs01204.o)
                0x00409fb4                VirtualProtect@16
 .text          0x00409fbc        0x8 c:/mingw/bin/../lib/gcc/mingw32/9.2.0/../../../libkernel32.a(dlrulbs01164.o)
                0x00409fbc                TlsGetValue@4
 .text          0x00409fc4        0x8 c:/mingw/bin/../lib/gcc/mingw32/9.2.0/../../../libkernel32.a(dlrulbs01143.o)
                0x00409fc4                Sleep@4
 .text          0x00409fcc        0x8 c:/mingw/bin/../lib/gcc/mingw32/9.2.0/../../../libkernel32.a(dlrulbs01131.o)
                0x00409fcc                SetUnhandledExceptionFilter@4
 .text          0x00409fd4        0x8 c:/mingw/bin/../lib/gcc/mingw32/9.2.0/../../../libkernel32.a(dlrulbs01082.o)
                0x00409fd4                SetLastError@4
 .text          0x00409fdc        0x8 c:/mingw/bin/../lib/gcc/mingw32/9.2.0/../../../libkernel32.a(dlrulbs00860.o)
                0x00409fdc                MultiByteToWideChar@24
 .text          0x00409fe4        0x8 c:/mingw/bin/../lib/gcc/mingw32/9.2.0/../../../libkernel32.a(dlrulbs00817.o)
                0x00409fe4                LoadLibraryA@4
 .text          0x00409fec        0x8 c:/mingw/bin/../lib/gcc/mingw32/9.2.0/../../../libkernel32.a(dlrulbs00814.o)
                0x00409fec                LeaveCriticalSection@4
 .text          0x00409ff4        0x8 c:/mingw/bin/../lib/gcc/mingw32/9.2.0/../../../libkernel32.a(dlrulbs00744.o)
                0x00409ff4                InterlockedExchange@8
 .text          0x00409ffc        0x8 c:/mingw/bin/../lib/gcc/mingw32/9.2.0/../../../libkernel32.a(dlrulbs00734.o)
                0x00409ffc                InitializeCriticalSection@4
 .text          0x0040a004        0x8 c:/mingw/bin/../lib/gcc/mingw32/9.2.0/../../../libkernel32.a(dlrulbs00577.o)
                0x0040a004                GetProcAddress@8
 .text          0x0040a00c        0x8 c:/mingw/bin/../lib/gcc/mingw32/9.2.0/../../../libkernel32.a(dlrulbs00529.o)
                0x0040a00c                GetModuleHandleA@4
 .text          0x0040a014        0x8 c:/mingw/bin/../lib/gcc/mingw32/9.2.0/../../../libkernel32.a(dlrulbs00510.o)
                0x0040a014                GetLastError@0
 .text          0x0040a01c        0x8 c:/mingw/bin/../lib/gcc/mingw32/9.2.0/../../../libkernel32.a(dlrulbs00388.o)
                0x0040a01c                GetCommandLineA@0
 .text          0x0040a024        0x8 c:/mingw/bin/../lib/gcc/mingw32/9.2.0/../../../libkernel32.a(dlrulbs00368.o)
                0x0040a024                GetCPInfo@8
 .text          0x0040a02c        0x8 c:/mingw/bin/../lib/gcc/mingw32/9.2.0/../../../libkernel32.a(dlrulbs00352.o)
                0x0040a02c                FreeLibrary@4
 .text          0x0040a034        0x8 c:/mingw/bin/../lib/gcc/mingw32/9.2.0/../../../libkernel32.a(dlrulbs00321.o)
                0x0040a034                FindNextFileA@8
 .text          0x0040a03c        0x8 c:/mingw/bin/../lib/gcc/mingw32/9.2.0/../../../libkernel32.a(dlrulbs00304.o)
                0x0040a03c                FindFirstFileA@8
 .text          0x0040a044        0x8 c:/mingw/bin/../lib/gcc/mingw32/9.2.0/../../../libkernel32.a(dlrulbs00300.o)
                0x0040a044                FindClose@4
 .text          0x0040a04c        0x8 c:/mingw/bin/../lib/gcc/mingw32/9.2.0/../../../libkernel32.a(dlrulbs00279.o)
                0x0040a04c                ExitProcess@4
 .text          0x0040a054        0x8 c:/mingw/bin/../lib/gcc/mingw32/9.2.0/../../../libkernel32.a(dlrulbs00236.o)
                0x0040a054                EnterCriticalSection@4
 .text          0x0040a05c        0x8 c:/mingw/bin/../lib/gcc/mingw32/9.2.0/../../../libkernel32.a(dlrulbs00207.o)
                0x0040a05c                DeleteCriticalSection@4
 .text          0x0040a064        0x0 c:/mingw/bin/../lib/gcc/mingw32/9.2.0/../../../libkernel32.a(dlrulbh.o)
 .text          0x0040a064        0x0 c:/mingw/bin/../lib/gcc/mingw32/9.2.0/../../../libkernel32.a(dlrulbt.o)
 .text          0x0040a064        0x0 c:/mingw/bin/../lib/gcc/mingw32/9.2.0/crtend.o
 *(SORT_BY_NAME(.text$*))
 *(.text.*)
 *fill*         0x0040a064        0xc 
 .text.startup  0x0040a070       0x10 c:/mingw/bin/../lib/gcc/mingw32/9.2.0/crtend.o
 *(.gnu.linkonce.t.*)
 *(.glue_7t)
 *(.glue_7)
                0x0040a080                ___CTOR_LIST__ = .
                0x0040a080                __CTOR_LIST__ = .
                0x0040a080        0x4 LONG 0xffffffff
 *(.ctors)
 .ctors         0x0040a084        0x4 C:\Users\Kurt\AppData\Local\Temp\ccRy2O90.o
 *(.ctor)
 *(SORT_BY_NAME(.ctors.*))
 .ctors.65535   0x0040a088        0x4 c:/mingw/bin/../lib/gcc/mingw32/9.2.0/crtend.o
                0x0040a08c        0x4 LONG 0x0
                0x0040a090                ___DTOR_LIST__ = .
                0x0040a090                __DTOR_LIST__ = .
                0x0040a090        0x4 LONG 0xffffffff
 *(.dtors)
 *(.dtor)
 *(SORT_BY_NAME(.dtors.*))
                0x0040a094        0x4 LONG 0x0
 *(.fini)
 *(.gcc_exc)
                [!provide]                PROVIDE (etext = .)
                [!provide]                PROVIDE (_etext = .)
 *(.gcc_except_table)

.data           0x0040b000      0x200
                0x0040b000                __data_start__ = .
 *(.data)
 .data          0x0040b000        0x0 c:/mingw/bin/../lib/gcc/mingw32/9.2.0/../../../crt2.o
 .data          0x0040b000        0x4 c:/mingw/bin/../lib/gcc/mingw32/9.2.0/crtbegin.o
 .data          0x0040b004        0x0 C:\Users\Kurt\AppData\Local\Temp\ccRy2O90.o
 .data          0x0040b004        0x4 c:/mingw/bin/../lib/gcc/mingw32/9.2.0/../../../libmingw32.a(CRTglob.o)
                0x0040b004                _CRT_glob
 .data          0x0040b008        0x0 c:/mingw/bin/../lib/gcc/mingw32/9.2.0/../../../libmingw32.a(setargv.o)
 .data          0x0040b008        0x0 c:/mingw/bin/../lib/gcc/mingw32/9.2.0/../../../libmingw32.a(CRTfmode.o)
 .data          0x0040b008        0x0 c:/mingw/bin/../lib/gcc/mingw32/9.2.0/../../../libmingw32.a(cpu_features.o)
 .data          0x0040b008        0x4 c:/mingw/bin/../lib/gcc/mingw32/9.2.0/../../../libmingw32.a(CRT_fp10.o)
                0x0040b008                _CRT_fenv
 .data          0x0040b00c        0x4 c:/mingw/bin/../lib/gcc/mingw32/9.2.0/../../../libmingw32.a(txtmode.o)
                0x0040b00c                _fmode
 .data          0x0040b010        0x4 c:/mingw/bin/../lib/gcc/mingw32/9.2.0/../../../libmingw32.a(gccmain.o)
 .data          0x0040b014        0x0 c:/mingw/bin/../lib/gcc/mingw32/9.2.0/../../../libmingw32.a(tlssup.o)
 .data          0x0040b014        0x0 c:/mingw/bin/../lib/gcc/mingw32/9.2.0/../../../libmingw32.a(tlsthrd.o)
 .data          0x0040b014        0x0 c:/mingw/bin/../lib/gcc/mingw32/9.2.0/../../../libmingw32.a(pseudo-reloc.o)
 .data          0x0040b014        0x0 c:/mingw/bin/../lib/gcc/mingw32/9.2.0/../../../libmingw32.a(pseudo-reloc-list.o)
 .data          0x0040b014        0x0 c:/mingw/bin/../lib/gcc/mingw32/9.2.0/../../../libmingw32.a(crtst.o)
 .data          0x0040b014        0x4 c:/mingw/bin/../lib/gcc/mingw32/9.2.0/../../../libmingwex.a(fesetenv.o)
 .data          0x0040b018        0x0 c:/mingw/bin/../lib/gcc/mingw32/9.2.0/../../../libmingwex.a(vprintf.o)
 .data          0x0040b018        0x0 c:/mingw/bin/../lib/gcc/mingw32/9.2.0/../../../libmingwex.a(free.o)
 .data          0x0040b018        0x0 c:/mingw/bin/../lib/gcc/mingw32/9.2.0/../../../libmingwex.a(glob.o)
 .data          0x0040b018        0x0 c:/mingw/bin/../lib/gcc/mingw32/9.2.0/../../../libmingwex.a(dirname.o)
 .data          0x0040b018        0x0 c:/mingw/bin/../lib/gcc/mingw32/9.2.0/../../../libmingwex.a(dirent.o)
 .data          0x0040b018       0x14 c:/mingw/bin/../lib/gcc/mingw32/9.2.0/../../../libmingwex.a(pformat.o)
 .data          0x0040b02c        0x0 c:/mingw/bin/../lib/gcc/mingw32/9.2.0/../../../libmingwex.a(varofmt.o)
 .data          0x0040b02c        0x0 c:/mingw/bin/../lib/gcc/mingw32/9.2.0/../../../libmingwex.a(memalign-base.o)
 .data          0x0040b02c        0x0 c:/mingw/bin/../lib/gcc/mingw32/9.2.0/../../../libmingwex.a(realloc.o)
 .data          0x0040b02c        0x0 c:/mingw/bin/../lib/gcc/mingw32/9.2.0/../../../libmingwex.a(mbrtowc.o)
 .data          0x0040b02c        0x0 c:/mingw/bin/../lib/gcc/mingw32/9.2.0/../../../libmingwex.a(wcrtomb.o)
 .data          0x0040b02c        0x0 c:/mingw/bin/../lib/gcc/mingw32/9.2.0/../../../libmingwex.a(gdtoa.o)
 .data          0x0040b02c        0x0 c:/mingw/bin/../lib/gcc/mingw32/9.2.0/../../../libmingwex.a(gmisc.o)
 .data          0x0040b02c        0x0 c:/mingw/bin/../lib/gcc/mingw32/9.2.0/../../../libmingwex.a(dmisc.o)
 .data          0x0040b02c        0x4 c:/mingw/bin/../lib/gcc/mingw32/9.2.0/../../../libmingwex.a(misc.o)
 .data          0x0040b030        0x0 c:/mingw/bin/../lib/gcc/mingw32/9.2.0/../../../libmingwex.a(memalign-lwm.o)
 .data          0x0040b030        0x0 c:/mingw/bin/../lib/gcc/mingw32/9.2.0/../../../libmingwex.a(memalign-realloc.o)
 .data          0x0040b030        0x0 c:/mingw/bin/../lib/gcc/mingw32/9.2.0/../../../libmingwex.a(mbrconv.o)
 .data          0x0040b030       0x20 c:/mingw/bin/../lib/gcc/mingw32/9.2.0/../../../libmingwex.a(mbrscan.o)
 .data          0x0040b050       0x20 c:/mingw/bin/../lib/gcc/mingw32/9.2.0/../../../libmingwex.a(wcharmap.o)
 .data          0x0040b070        0x0 c:/mingw/bin/../lib/gcc/mingw32/9.2.0/../../../libmingwex.a(codeset.o)
 .data          0x0040b070        0x0 c:/mingw/bin/../lib/gcc/mingw32/9.2.0/libgcc.a(_chkstk_ms.o)
 .data          0x0040b070        0x0 c:/mingw/bin/../lib/gcc/mingw32/9.2.0/libgcc.a(_ctors.o)
 .data          0x0040b070        0x0 c:/mingw/bin/../lib/gcc/mingw32/9.2.0/../../../libmoldname.a(dlhslbs00082.o)
 .data          0x0040b070        0x0 c:/mingw/bin/../lib/gcc/mingw32/9.2.0/../../../libmoldname.a(dlhslbs00080.o)
 .data          0x0040b070        0x0 c:/mingw/bin/../lib/gcc/mingw32/9.2.0/../../../libmoldname.a(dlhslbh.o)
 .data          0x0040b070        0x0 c:/mingw/bin/../lib/gcc/mingw32/9.2.0/../../../libmoldname.a(dlhslbt.o)
 .data          0x0040b070        0x0 c:/mingw/bin/../lib/gcc/mingw32/9.2.0/../../../libmsvcrt.a(dzsrlbs01319.o)
 .data          0x0040b070        0x0 c:/mingw/bin/../lib/gcc/mingw32/9.2.0/../../../libmsvcrt.a(dzsrlbs01302.o)
 .data          0x0040b070        0x0 c:/mingw/bin/../lib/gcc/mingw32/9.2.0/../../../libmsvcrt.a(dzsrlbs01278.o)
 .data          0x0040b070        0x0 c:/mingw/bin/../lib/gcc/mingw32/9.2.0/../../../libmsvcrt.a(dzsrlbs01271.o)
 .data          0x0040b070        0x0 c:/mingw/bin/../lib/gcc/mingw32/9.2.0/../../../libmsvcrt.a(dzsrlbs01243.o)
 .data          0x0040b070        0x0 c:/mingw/bin/../lib/gcc/mingw32/9.2.0/../../../libmsvcrt.a(dzsrlbs01236.o)
 .data          0x0040b070        0x0 c:/mingw/bin/../lib/gcc/mingw32/9.2.0/../../../libmsvcrt.a(dzsrlbs01235.o)
 .data          0x0040b070        0x0 c:/mingw/bin/../lib/gcc/mingw32/9.2.0/../../../libmsvcrt.a(dzsrlbs01234.o)
 .data          0x0040b070        0x0 c:/mingw/bin/../lib/gcc/mingw32/9.2.0/../../../libmsvcrt.a(dzsrlbs01223.o)
 .data          0x0040b070        0x0 c:/mingw/bin/../lib/gcc/mingw32/9.2.0/../../../libmsvcrt.a(dzsrlbs01221.o)
 .data          0x0040b070        0x0 c:/mingw/bin/../lib/gcc/mingw32/9.2.0/../../../libmsvcrt.a(dzsrlbs01195.o)
 .data          0x0040b070        0x0 c:/mingw/bin/../lib/gcc/mingw32/9.2.0/../../../libmsvcrt.a(dzsrlbs01193.o)
 .data          0x0040b070        0x0 c:/mingw/bin/../lib/gcc/mingw32/9.2.0/../../../libmsvcrt.a(dzsrlbs01188.o)
 .data          0x0040b070        0x0 c:/mingw/bin/../lib/gcc/mingw32/9.2.0/../../../libmsvcrt.a(dzsrlbs01181.o)
 .data          0x0040b070        0x0 c:/mingw/bin/../lib/gcc/mingw32/9.2.0/../../../libmsvcrt.a(dzsrlbs01176.o)
 .data          0x0040b070        0x0 c:/mingw/bin/../lib/gcc/mingw32/9.2.0/../../../libmsvcrt.a(dzsrlbs01141.o)
 .data          0x0040b070        0x0 c:/mingw/bin/../lib/gcc/mingw32/9.2.0/../../../libmsvcrt.a(dzsrlbs01136.o)
 .data          0x0040b070        0x0 c:/mingw/bin/../lib/gcc/mingw32/9.2.0/../../../libmsvcrt.a(dzsrlbs01120.o)
 .data          0x0040b070        0x0 c:/mingw/bin/../lib/gcc/mingw32/9.2.0/../../../libmsvcrt.a(dzsrlbs01092.o)
 .data          0x0040b070        0x0 c:/mingw/bin/../lib/gcc/mingw32/9.2.0/../../../libmsvcrt.a(dzsrlbs01087.o)
 .data          0x0040b070        0x0 c:/mingw/bin/../lib/gcc/mingw32/9.2.0/../../../libmsvcrt.a(dzsrlbs01085.o)
 .data          0x0040b070        0x0 c:/mingw/bin/../lib/gcc/mingw32/9.2.0/../../../libmsvcrt.a(dzsrlbs01077.o)
 .data          0x0040b070        0x0 c:/mingw/bin/../lib/gcc/mingw32/9.2.0/../../../libmsvcrt.a(dzsrlbs00747.o)
 .data          0x0040b070        0x0 c:/mingw/bin/../lib/gcc/mingw32/9.2.0/../../../libmsvcrt.a(dzsrlbs00692.o)
 .data          0x0040b070        0x0 c:/mingw/bin/../lib/gcc/mingw32/9.2.0/../../../libmsvcrt.a(dzsrlbs00683.o)
 .data          0x0040b070        0x0 c:/mingw/bin/../lib/gcc/mingw32/9.2.0/../../../libmsvcrt.a(dzsrlbs00680.o)
 .data          0x0040b070        0x0 c:/mingw/bin/../lib/gcc/mingw32/9.2.0/../../../libmsvcrt.a(dzsrlbs00416.o)
 .data          0x0040b070        0x0 c:/mingw/bin/../lib/gcc/mingw32/9.2.0/../../../libmsvcrt.a(dzsrlbs00411.o)
 .data          0x0040b070        0x0 c:/mingw/bin/../lib/gcc/mingw32/9.2.0/../../../libmsvcrt.a(dzsrlbs00344.o)
 .data          0x0040b070        0x0 c:/mingw/bin/../lib/gcc/mingw32/9.2.0/../../../libmsvcrt.a(dzsrlbs00318.o)
 .data          0x0040b070        0x0 c:/mingw/bin/../lib/gcc/mingw32/9.2.0/../../../libmsvcrt.a(dzsrlbs00279.o)
 .data          0x0040b070        0x0 c:/mingw/bin/../lib/gcc/mingw32/9.2.0/../../../libmsvcrt.a(dzsrlbs00214.o)
 .data          0x0040b070        0x0 c:/mingw/bin/../lib/gcc/mingw32/9.2.0/../../../libmsvcrt.a(dzsrlbs00153.o)
 .data          0x0040b070        0x0 c:/mingw/bin/../lib/gcc/mingw32/9.2.0/../../../libmsvcrt.a(dzsrlbs00133.o)
 .data          0x0040b070        0x0 c:/mingw/bin/../lib/gcc/mingw32/9.2.0/../../../libmsvcrt.a(dzsrlbs00131.o)
 .data          0x0040b070        0x0 c:/mingw/bin/../lib/gcc/mingw32/9.2.0/../../../libmsvcrt.a(dzsrlbs00119.o)
 .data          0x0040b070        0x0 c:/mingw/bin/../lib/gcc/mingw32/9.2.0/../../../libmsvcrt.a(dzsrlbs00088.o)
 .data          0x0040b070        0x0 c:/mingw/bin/../lib/gcc/mingw32/9.2.0/../../../libmsvcrt.a(dzsrlbs21214.o)
 .data          0x0040b070        0x0 c:/mingw/bin/../lib/gcc/mingw32/9.2.0/../../../libmsvcrt.a(dzsrlbs21125.o)
 .data          0x0040b070        0x0 c:/mingw/bin/../lib/gcc/mingw32/9.2.0/../../../libmsvcrt.a(dzsrlbh.o)
 .data          0x0040b070        0x0 c:/mingw/bin/../lib/gcc/mingw32/9.2.0/../../../libmsvcrt.a(dzsrlbt.o)
 .data          0x0040b070        0x0 c:/mingw/bin/../lib/gcc/mingw32/9.2.0/../../../libkernel32.a(dlrulbs01238.o)
 .data          0x0040b070        0x0 c:/mingw/bin/../lib/gcc/mingw32/9.2.0/../../../libkernel32.a(dlrulbs01206.o)
 .data          0x0040b070        0x0 c:/mingw/bin/../lib/gcc/mingw32/9.2.0/../../../libkernel32.a(dlrulbs01204.o)
 .data          0x0040b070        0x0 c:/mingw/bin/../lib/gcc/mingw32/9.2.0/../../../libkernel32.a(dlrulbs01164.o)
 .data          0x0040b070        0x0 c:/mingw/bin/../lib/gcc/mingw32/9.2.0/../../../libkernel32.a(dlrulbs01143.o)
 .data          0x0040b070        0x0 c:/mingw/bin/../lib/gcc/mingw32/9.2.0/../../../libkernel32.a(dlrulbs01131.o)
 .data          0x0040b070        0x0 c:/mingw/bin/../lib/gcc/mingw32/9.2.0/../../../libkernel32.a(dlrulbs01082.o)
 .data          0x0040b070        0x0 c:/mingw/bin/../lib/gcc/mingw32/9.2.0/../../../libkernel32.a(dlrulbs00860.o)
 .data          0x0040b070        0x0 c:/mingw/bin/../lib/gcc/mingw32/9.2.0/../../../libkernel32.a(dlrulbs00817.o)
 .data          0x0040b070        0x0 c:/mingw/bin/../lib/gcc/mingw32/9.2.0/../../../libkernel32.a(dlrulbs00814.o)
 .data          0x0040b070        0x0 c:/mingw/bin/../lib/gcc/mingw32/9.2.0/../../../libkernel32.a(dlrulbs00744.o)
 .data          0x0040b070        0x0 c:/mingw/bin/../lib/gcc/mingw32/9.2.0/../../../libkernel32.a(dlrulbs00734.o)
 .data          0x0040b070        0x0 c:/mingw/bin/../lib/gcc/mingw32/9.2.0/../../../libkernel32.a(dlrulbs00577.o)
 .data          0x0040b070        0x0 c:/mingw/bin/../lib/gcc/mingw32/9.2.0/../../../libkernel32.a(dlrulbs00529.o)
 .data          0x0040b070        0x0 c:/mingw/bin/../lib/gcc/mingw32/9.2.0/../../../libkernel32.a(dlrulbs00510.o)
 .data          0x0040b070        0x0 c:/mingw/bin/../lib/gcc/mingw32/9.2.0/../../../libkernel32.a(dlrulbs00388.o)
 .data          0x0040b070        0x0 c:/mingw/bin/../lib/gcc/mingw32/9.2.0/../../../libkernel32.a(dlrulbs00368.o)
 .data          0x0040b070        0x0 c:/mingw/bin/../lib/gcc/mingw32/9.2.0/../../../libkernel32.a(dlrulbs00352.o)
 .data          0x0040b070        0x0 c:/mingw/bin/../lib/gcc/mingw32/9.2.0/../../../libkernel32.a(dlrulbs00321.o)
 .data          0x0040b070        0x0 c:/mingw/bin/../lib/gcc/mingw32/9.2.0/../../../libkernel32.a(dlrulbs00304.o)
 .data          0x0040b070        0x0 c:/mingw/bin/../lib/gcc/mingw32/9.2.0/../../../libkernel32.a(dlrulbs00300.o)
 .data          0x0040b070        0x0 c:/mingw/bin/../lib/gcc/mingw32/9.2.0/../../../libkernel32.a(dlrulbs00279.o)
 .data          0x0040b070        0x0 c:/mingw/bin/../lib/gcc/mingw32/9.2.0/../../../libkernel32.a(dlrulbs00236.o)
 .data          0x0040b070        0x0 c:/mingw/bin/../lib/gcc/mingw32/9.2.0/../../../libkernel32.a(dlrulbs00207.o)
 .data          0x0040b070        0x0 c:/mingw/bin/../lib/gcc/mingw32/9.2.0/../../../libkernel32.a(dlrulbh.o)
 .data          0x0040b070        0x0 c:/mingw/bin/../lib/gcc/mingw32/9.2.0/../../../libkernel32.a(dlrulbt.o)
 .data          0x0040b070        0x0 c:/mingw/bin/../lib/gcc/mingw32/9.2.0/crtend.o
 *(.data2)
 *(SORT_BY_NAME(.data$*))
 *(.jcr)
                0x0040b070                __data_end__ = .
 *(.data_cygwin_nocopy)

.rdata          0x0040c000     0x1000
 *(.rdata)
 .rdata         0x0040c000       0x44 c:/mingw/bin/../lib/gcc/mingw32/9.2.0/crtbegin.o
 .rdata         0x0040c044       0x14 C:\Users\Kurt\AppData\Local\Temp\ccRy2O90.o
 .rdata         0x0040c058      0x10c c:/mingw/bin/../lib/gcc/mingw32/9.2.0/../../../libmingw32.a(setargv.o)
 .rdata         0x0040c164        0x4 c:/mingw/bin/../lib/gcc/mingw32/9.2.0/../../../libmingw32.a(tlssup.o)
                0x0040c164                __dyn_tls_init_callback
 .rdata         0x0040c168       0xac c:/mingw/bin/../lib/gcc/mingw32/9.2.0/../../../libmingw32.a(pseudo-reloc.o)
 .rdata         0x0040c214       0x14 c:/mingw/bin/../lib/gcc/mingw32/9.2.0/../../../libmingwex.a(glob.o)
 .rdata         0x0040c228        0x8 c:/mingw/bin/../lib/gcc/mingw32/9.2.0/../../../libmingwex.a(dirname.o)
 .rdata         0x0040c230      0x288 c:/mingw/bin/../lib/gcc/mingw32/9.2.0/../../../libmingwex.a(pformat.o)
 .rdata         0x0040c4b8        0x4 c:/mingw/bin/../lib/gcc/mingw32/9.2.0/../../../libmingwex.a(mbrtowc.o)
 *fill*         0x0040c4bc        0x4 
 .rdata         0x0040c4c0       0x58 c:/mingw/bin/../lib/gcc/mingw32/9.2.0/../../../libmingwex.a(gdtoa.o)
 *fill*         0x0040c518        0x8 
 .rdata         0x0040c520      0x160 c:/mingw/bin/../lib/gcc/mingw32/9.2.0/../../../libmingwex.a(misc.o)
                0x0040c540                __tens_D2A
                0x0040c600                __tinytens_D2A
                0x0040c640                __bigtens_D2A
 .rdata         0x0040c680       0x18 c:/mingw/bin/../lib/gcc/mingw32/9.2.0/../../../libmingwex.a(codeset.o)
 .rdata         0x0040c698        0x4 ertr000001.o
 *(SORT_BY_NAME(.rdata$*))
 .rdata$zzz     0x0040c69c       0x34 c:/mingw/bin/../lib/gcc/mingw32/9.2.0/../../../crt2.o
 .rdata$zzz     0x0040c6d0       0x34 c:/mingw/bin/../lib/gcc/mingw32/9.2.0/crtbegin.o
 .rdata$zzz     0x0040c704       0x24 C:\Users\Kurt\AppData\Local\Temp\ccRy2O90.o
 .rdata$zzz     0x0040c728       0x34 c:/mingw/bin/../lib/gcc/mingw32/9.2.0/../../../libmingw32.a(CRTglob.o)
 .rdata$zzz     0x0040c75c       0x34 c:/mingw/bin/../lib/gcc/mingw32/9.2.0/../../../libmingw32.a(setargv.o)
 .rdata$zzz     0x0040c790       0x34 c:/mingw/bin/../lib/gcc/mingw32/9.2.0/../../../libmingw32.a(CRTfmode.o)
 .rdata$zzz     0x0040c7c4       0x34 c:/mingw/bin/../lib/gcc/mingw32/9.2.0/../../../libmingw32.a(CRT_fp10.o)
 .rdata$zzz     0x0040c7f8       0x34 c:/mingw/bin/../lib/gcc/mingw32/9.2.0/../../../libmingw32.a(txtmode.o)
 .rdata$zzz     0x0040c82c       0x34 c:/mingw/bin/../lib/gcc/mingw32/9.2.0/../../../libmingw32.a(gccmain.o)
 .rdata$zzz     0x0040c860       0x34 c:/mingw/bin/../lib/gcc/mingw32/9.2.0/../../../libmingw32.a(tlssup.o)
 .rdata$zzz     0x0040c894       0x34 c:/mingw/bin/../lib/gcc/mingw32/9.2.0/../../../libmingw32.a(tlsthrd.o)
 .rdata$zzz     0x0040c8c8       0x34 c:/mingw/bin/../lib/gcc/mingw32/9.2.0/../../../libmingw32.a(pseudo-reloc.o)
 .rdata$zzz     0x0040c8fc       0x34 c:/mingw/bin/../lib/gcc/mingw32/9.2.0/../../../libmingw32.a(pseudo-reloc-list.o)
 .rdata$zzz     0x0040c930       0x34 c:/mingw/bin/../lib/gcc/mingw32/9.2.0/../../../libmingw32.a(crtst.o)
 .rdata$zzz     0x0040c964       0x34 c:/mingw/bin/../lib/gcc/mingw32/9.2.0/../../../libmingwex.a(fesetenv.o)
 .rdata$zzz     0x0040c998       0x34 c:/mingw/bin/../lib/gcc/mingw32/9.2.0/../../../libmingwex.a(vprintf.o)
 .rdata$zzz     0x0040c9cc       0x34 c:/mingw/bin/../lib/gcc/mingw32/9.2.0/../../../libmingwex.a(free.o)
 .rdata$zzz     0x0040ca00       0x34 c:/mingw/bin/../lib/gcc/mingw32/9.2.0/../../../libmingwex.a(glob.o)
 .rdata$zzz     0x0040ca34       0x34 c:/mingw/bin/../lib/gcc/mingw32/9.2.0/../../../libmingwex.a(dirname.o)
 .rdata$zzz     0x0040ca68       0x34 c:/mingw/bin/../lib/gcc/mingw32/9.2.0/../../../libmingwex.a(dirent.o)
 .rdata$zzz     0x0040ca9c       0x34 c:/mingw/bin/../lib/gcc/mingw32/9.2.0/../../../libmingwex.a(pformat.o)
 .rdata$zzz     0x0040cad0       0x34 c:/mingw/bin/../lib/gcc/mingw32/9.2.0/../../../libmingwex.a(varofmt.o)
 .rdata$zzz     0x0040cb04       0x34 c:/mingw/bin/../lib/gcc/mingw32/9.2.0/../../../libmingwex.a(memalign-base.o)
 .rdata$zzz     0x0040cb38       0x34 c:/mingw/bin/../lib/gcc/mingw32/9.2.0/../../../libmingwex.a(realloc.o)
 .rdata$zzz     0x0040cb6c       0x34 c:/mingw/bin/../lib/gcc/mingw32/9.2.0/../../../libmingwex.a(mbrtowc.o)
 .rdata$zzz     0x0040cba0       0x34 c:/mingw/bin/../lib/gcc/mingw32/9.2.0/../../../libmingwex.a(wcrtomb.o)
 .rdata$zzz     0x0040cbd4       0x34 c:/mingw/bin/../lib/gcc/mingw32/9.2.0/../../../libmingwex.a(gdtoa.o)
 .rdata$zzz     0x0040cc08       0x34 c:/mingw/bin/../lib/gcc/mingw32/9.2.0/../../../libmingwex.a(gmisc.o)
 .rdata$zzz     0x0040cc3c       0x34 c:/mingw/bin/../lib/gcc/mingw32/9.2.0/../../../libmingwex.a(dmisc.o)
 .rdata$zzz     0x0040cc70       0x34 c:/mingw/bin/../lib/gcc/mingw32/9.2.0/../../../libmingwex.a(misc.o)
 .rdata$zzz     0x0040cca4       0x34 c:/mingw/bin/../lib/gcc/mingw32/9.2.0/../../../libmingwex.a(memalign-lwm.o)
 .rdata$zzz     0x0040ccd8       0x34 c:/mingw/bin/../lib/gcc/mingw32/9.2.0/../../../libmingwex.a(memalign-realloc.o)
 .rdata$zzz     0x0040cd0c       0x34 c:/mingw/bin/../lib/gcc/mingw32/9.2.0/../../../libmingwex.a(mbrconv.o)
 .rdata$zzz     0x0040cd40       0x34 c:/mingw/bin/../lib/gcc/mingw32/9.2.0/../../../libmingwex.a(mbrscan.o)
 .rdata$zzz     0x0040cd74       0x34 c:/mingw/bin/../lib/gcc/mingw32/9.2.0/../../../libmingwex.a(wcharmap.o)
 .rdata$zzz     0x0040cda8       0x34 c:/mingw/bin/../lib/gcc/mingw32/9.2.0/../../../libmingwex.a(codeset.o)
 .rdata$zzz     0x0040cddc       0x34 c:/mingw/bin/../lib/gcc/mingw32/9.2.0/libgcc.a(_ctors.o)
 .rdata$zzz     0x0040ce10       0x34 c:/mingw/bin/../lib/gcc/mingw32/9.2.0/crtend.o
                0x0040ce44                . = ALIGN (0x4)
                0x0040ce44                __rt_psrelocs_start = .
 *(.rdata_runtime_pseudo_reloc)
 .rdata_runtime_pseudo_reloc
                0x0040ce44       0x18 rtr000000.o
                0x0040ce5c                __rt_psrelocs_end = .
                0x00000018                __rt_psrelocs_size = (__rt_psrelocs_end - __rt_psrelocs_start)
                0x0040ce5c                ___RUNTIME_PSEUDO_RELOC_LIST_END__ = .
                0x0040ce5c                __RUNTIME_PSEUDO_RELOC_LIST_END__ = .
                0x0040ce44                ___RUNTIME_PSEUDO_RELOC_LIST__ = (. - __rt_psrelocs_size)
                0x0040ce44                __RUNTIME_PSEUDO_RELOC_LIST__ = (. - __rt_psrelocs_size)

.eh_frame       0x0040d000     0x1a00
 *(.eh_frame*)
 .eh_frame      0x0040d000       0xc8 c:/mingw/bin/../lib/gcc/mingw32/9.2.0/../../../crt2.o
 .eh_frame      0x0040d0c8       0x64 c:/mingw/bin/../lib/gcc/mingw32/9.2.0/crtbegin.o
                0x0040d0c8                __EH_FRAME_BEGIN__
 .eh_frame      0x0040d12c       0xfc C:\Users\Kurt\AppData\Local\Temp\ccRy2O90.o
 .eh_frame      0x0040d228       0x58 c:/mingw/bin/../lib/gcc/mingw32/9.2.0/../../../libmingw32.a(setargv.o)
 .eh_frame      0x0040d280       0x40 c:/mingw/bin/../lib/gcc/mingw32/9.2.0/../../../libmingw32.a(cpu_features.o)
 .eh_frame      0x0040d2c0       0x68 c:/mingw/bin/../lib/gcc/mingw32/9.2.0/../../../libmingw32.a(gccmain.o)
 .eh_frame      0x0040d328       0x94 c:/mingw/bin/../lib/gcc/mingw32/9.2.0/../../../libmingw32.a(tlssup.o)
 .eh_frame      0x0040d3bc       0xf4 c:/mingw/bin/../lib/gcc/mingw32/9.2.0/../../../libmingw32.a(tlsthrd.o)
 .eh_frame      0x0040d4b0       0xec c:/mingw/bin/../lib/gcc/mingw32/9.2.0/../../../libmingw32.a(pseudo-reloc.o)
 .eh_frame      0x0040d59c       0x34 c:/mingw/bin/../lib/gcc/mingw32/9.2.0/../../../libmingwex.a(fesetenv.o)
 .eh_frame      0x0040d5d0       0x30 c:/mingw/bin/../lib/gcc/mingw32/9.2.0/../../../libmingwex.a(vprintf.o)
 .eh_frame      0x0040d600       0x30 c:/mingw/bin/../lib/gcc/mingw32/9.2.0/../../../libmingwex.a(free.o)
 .eh_frame      0x0040d630      0x22c c:/mingw/bin/../lib/gcc/mingw32/9.2.0/../../../libmingwex.a(glob.o)
 .eh_frame      0x0040d85c       0x48 c:/mingw/bin/../lib/gcc/mingw32/9.2.0/../../../libmingwex.a(dirname.o)
 .eh_frame      0x0040d8a4      0x1d8 c:/mingw/bin/../lib/gcc/mingw32/9.2.0/../../../libmingwex.a(dirent.o)
 .eh_frame      0x0040da7c      0x4e0 c:/mingw/bin/../lib/gcc/mingw32/9.2.0/../../../libmingwex.a(pformat.o)
 .eh_frame      0x0040df5c       0x58 c:/mingw/bin/../lib/gcc/mingw32/9.2.0/../../../libmingwex.a(memalign-base.o)
 .eh_frame      0x0040dfb4       0x70 c:/mingw/bin/../lib/gcc/mingw32/9.2.0/../../../libmingwex.a(realloc.o)
 .eh_frame      0x0040e024       0x38 c:/mingw/bin/../lib/gcc/mingw32/9.2.0/../../../libmingwex.a(mbrtowc.o)
 .eh_frame      0x0040e05c       0x54 c:/mingw/bin/../lib/gcc/mingw32/9.2.0/../../../libmingwex.a(wcrtomb.o)
 .eh_frame      0x0040e0b0       0xa0 c:/mingw/bin/../lib/gcc/mingw32/9.2.0/../../../libmingwex.a(gdtoa.o)
 .eh_frame      0x0040e150       0x8c c:/mingw/bin/../lib/gcc/mingw32/9.2.0/../../../libmingwex.a(gmisc.o)
 .eh_frame      0x0040e1dc       0xc4 c:/mingw/bin/../lib/gcc/mingw32/9.2.0/../../../libmingwex.a(dmisc.o)
 .eh_frame      0x0040e2a0      0x370 c:/mingw/bin/../lib/gcc/mingw32/9.2.0/../../../libmingwex.a(misc.o)
 .eh_frame      0x0040e610       0x6c c:/mingw/bin/../lib/gcc/mingw32/9.2.0/../../../libmingwex.a(memalign-realloc.o)
 .eh_frame      0x0040e67c       0x84 c:/mingw/bin/../lib/gcc/mingw32/9.2.0/../../../libmingwex.a(mbrconv.o)
 .eh_frame      0x0040e700      0x168 c:/mingw/bin/../lib/gcc/mingw32/9.2.0/../../../libmingwex.a(mbrscan.o)
 .eh_frame      0x0040e868       0xd0 c:/mingw/bin/../lib/gcc/mingw32/9.2.0/../../../libmingwex.a(wcharmap.o)
 .eh_frame      0x0040e938       0x68 c:/mingw/bin/../lib/gcc/mingw32/9.2.0/../../../libmingwex.a(codeset.o)
 .eh_frame      0x0040e9a0       0x30 c:/mingw/bin/../lib/gcc/mingw32/9.2.0/crtend.o

.pdata
 *(.pdata*)

.bss            0x0040f000      0xa28
                0x0040f000                __bss_start__ = .
 *(.bss)
 .bss           0x0040f000        0x8 c:/mingw/bin/../lib/gcc/mingw32/9.2.0/../../../crt2.o
                0x0040f000                _argv
                0x0040f004                _argc
 .bss           0x0040f008       0x18 c:/mingw/bin/../lib/gcc/mingw32/9.2.0/crtbegin.o
 .bss           0x0040f020        0x4 C:\Users\Kurt\AppData\Local\Temp\ccRy2O90.o
 .bss           0x0040f024        0x0 c:/mingw/bin/../lib/gcc/mingw32/9.2.0/../../../libmingw32.a(CRTglob.o)
 .bss           0x0040f024        0x0 c:/mingw/bin/../lib/gcc/mingw32/9.2.0/../../../libmingw32.a(setargv.o)
 .bss           0x0040f024        0x4 c:/mingw/bin/../lib/gcc/mingw32/9.2.0/../../../libmingw32.a(CRTfmode.o)
                0x0040f024                _CRT_fmode
 .bss           0x0040f028        0x4 c:/mingw/bin/../lib/gcc/mingw32/9.2.0/../../../libmingw32.a(cpu_features.o)
                0x0040f028                __cpu_features
 .bss           0x0040f02c        0x0 c:/mingw/bin/../lib/gcc/mingw32/9.2.0/../../../libmingw32.a(CRT_fp10.o)
 .bss           0x0040f02c        0x0 c:/mingw/bin/../lib/gcc/mingw32/9.2.0/../../../libmingw32.a(txtmode.o)
 .bss           0x0040f02c        0x4 c:/mingw/bin/../lib/gcc/mingw32/9.2.0/../../../libmingw32.a(gccmain.o)
 .bss           0x0040f030       0x10 c:/mingw/bin/../lib/gcc/mingw32/9.2.0/../../../libmingw32.a(tlssup.o)
                0x0040f030                mingw_initltssuo_force
                0x0040f034                mingw_initltsdyn_force
                0x0040f038                mingw_initltsdrot_force
                0x0040f03c                _tls_index
 .bss           0x0040f040       0x20 c:/mingw/bin/../lib/gcc/mingw32/9.2.0/../../../libmingw32.a(tlsthrd.o)
 .bss           0x0040f060        0x4 c:/mingw/bin/../lib/gcc/mingw32/9.2.0/../../../libmingw32.a(pseudo-reloc.o)
 .bss           0x0040f064        0x4 c:/mingw/bin/../lib/gcc/mingw32/9.2.0/../../../libmingw32.a(pseudo-reloc-list.o)
 .bss           0x0040f068        0x4 c:/mingw/bin/../lib/gcc/mingw32/9.2.0/../../../libmingw32.a(crtst.o)
                0x0040f068                _CRT_MT
 .bss           0x0040f06c        0x0 c:/mingw/bin/../lib/gcc/mingw32/9.2.0/../../../libmingwex.a(fesetenv.o)
 .bss           0x0040f06c        0x0 c:/mingw/bin/../lib/gcc/mingw32/9.2.0/../../../libmingwex.a(vprintf.o)
 .bss           0x0040f06c        0x0 c:/mingw/bin/../lib/gcc/mingw32/9.2.0/../../../libmingwex.a(free.o)
 .bss           0x0040f06c        0x0 c:/mingw/bin/../lib/gcc/mingw32/9.2.0/../../../libmingwex.a(glob.o)
 .bss           0x0040f06c        0x4 c:/mingw/bin/../lib/gcc/mingw32/9.2.0/../../../libmingwex.a(dirname.o)
 .bss           0x0040f070        0x0 c:/mingw/bin/../lib/gcc/mingw32/9.2.0/../../../libmingwex.a(dirent.o)
 .bss           0x0040f070        0x0 c:/mingw/bin/../lib/gcc/mingw32/9.2.0/../../../libmingwex.a(pformat.o)
 .bss           0x0040f070        0x4 c:/mingw/bin/../lib/gcc/mingw32/9.2.0/../../../libmingwex.a(varofmt.o)
                0x0040f070                __mingw_output_format_flags
 .bss           0x0040f074        0x0 c:/mingw/bin/../lib/gcc/mingw32/9.2.0/../../../libmingwex.a(memalign-base.o)
 .bss           0x0040f074        0x0 c:/mingw/bin/../lib/gcc/mingw32/9.2.0/../../../libmingwex.a(realloc.o)
 .bss           0x0040f074        0x4 c:/mingw/bin/../lib/gcc/mingw32/9.2.0/../../../libmingwex.a(mbrtowc.o)
 .bss           0x0040f078        0x4 c:/mingw/bin/../lib/gcc/mingw32/9.2.0/../../../libmingwex.a(wcrtomb.o)
 .bss           0x0040f07c        0x0 c:/mingw/bin/../lib/gcc/mingw32/9.2.0/../../../libmingwex.a(gdtoa.o)
 .bss           0x0040f07c        0x0 c:/mingw/bin/../lib/gcc/mingw32/9.2.0/../../../libmingwex.a(gmisc.o)
 .bss           0x0040f07c        0x0 c:/mingw/bin/../lib/gcc/mingw32/9.2.0/../../../libmingwex.a(dmisc.o)
 *fill*         0x0040f07c        0x4 
 .bss           0x0040f080      0x9a0 c:/mingw/bin/../lib/gcc/mingw32/9.2.0/../../../libmingwex.a(misc.o)
 .bss           0x0040fa20        0x4 c:/mingw/bin/../lib/gcc/mingw32/9.2.0/../../../libmingwex.a(memalign-lwm.o)
                0x0040fa20                __mingw_memalign_lwm
 .bss           0x0040fa24        0x0 c:/mingw/bin/../lib/gcc/mingw32/9.2.0/../../../libmingwex.a(memalign-realloc.o)
 .bss           0x0040fa24        0x0 c:/mingw/bin/../lib/gcc/mingw32/9.2.0/../../../libmingwex.a(mbrconv.o)
 .bss           0x0040fa24        0x0 c:/mingw/bin/../lib/gcc/mingw32/9.2.0/../../../libmingwex.a(mbrscan.o)
 .bss           0x0040fa24        0x0 c:/mingw/bin/../lib/gcc/mingw32/9.2.0/../../../libmingwex.a(wcharmap.o)
 .bss           0x0040fa24        0x0 c:/mingw/bin/../lib/gcc/mingw32/9.2.0/../../../libmingwex.a(codeset.o)
 .bss           0x0040fa24        0x0 c:/mingw/bin/../lib/gcc/mingw32/9.2.0/libgcc.a(_chkstk_ms.o)
 .bss           0x0040fa24        0x0 c:/mingw/bin/../lib/gcc/mingw32/9.2.0/libgcc.a(_ctors.o)
 .bss           0x0040fa24        0x0 c:/mingw/bin/../lib/gcc/mingw32/9.2.0/../../../libmoldname.a(dlhslbs00082.o)
 .bss           0x0040fa24        0x0 c:/mingw/bin/../lib/gcc/mingw32/9.2.0/../../../libmoldname.a(dlhslbs00080.o)
 .bss           0x0040fa24        0x0 c:/mingw/bin/../lib/gcc/mingw32/9.2.0/../../../libmoldname.a(dlhslbh.o)
 .bss           0x0040fa24        0x0 c:/mingw/bin/../lib/gcc/mingw32/9.2.0/../../../libmoldname.a(dlhslbt.o)
 .bss           0x0040fa24        0x0 c:/mingw/bin/../lib/gcc/mingw32/9.2.0/../../../libmsvcrt.a(dzsrlbs01319.o)
 .bss           0x0040fa24        0x0 c:/mingw/bin/../lib/gcc/mingw32/9.2.0/../../../libmsvcrt.a(dzsrlbs01302.o)
 .bss           0x0040fa24        0x0 c:/mingw/bin/../lib/gcc/mingw32/9.2.0/../../../libmsvcrt.a(dzsrlbs01278.o)
 .bss           0x0040fa24        0x0 c:/mingw/bin/../lib/gcc/mingw32/9.2.0/../../../libmsvcrt.a(dzsrlbs01271.o)
 .bss           0x0040fa24        0x0 c:/mingw/bin/../lib/gcc/mingw32/9.2.0/../../../libmsvcrt.a(dzsrlbs01243.o)
 .bss           0x0040fa24        0x0 c:/mingw/bin/../lib/gcc/mingw32/9.2.0/../../../libmsvcrt.a(dzsrlbs01236.o)
 .bss           0x0040fa24        0x0 c:/mingw/bin/../lib/gcc/mingw32/9.2.0/../../../libmsvcrt.a(dzsrlbs01235.o)
 .bss           0x0040fa24        0x0 c:/mingw/bin/../lib/gcc/mingw32/9.2.0/../../../libmsvcrt.a(dzsrlbs01234.o)
 .bss           0x0040fa24        0x0 c:/mingw/bin/../lib/gcc/mingw32/9.2.0/../../../libmsvcrt.a(dzsrlbs01223.o)
 .bss           0x0040fa24        0x0 c:/mingw/bin/../lib/gcc/mingw32/9.2.0/../../../libmsvcrt.a(dzsrlbs01221.o)
 .bss           0x0040fa24        0x0 c:/mingw/bin/../lib/gcc/mingw32/9.2.0/../../../libmsvcrt.a(dzsrlbs01195.o)
 .bss           0x0040fa24        0x0 c:/mingw/bin/../lib/gcc/mingw32/9.2.0/../../../libmsvcrt.a(dzsrlbs01193.o)
 .bss           0x0040fa24        0x0 c:/mingw/bin/../lib/gcc/mingw32/9.2.0/../../../libmsvcrt.a(dzsrlbs01188.o)
 .bss           0x0040fa24        0x0 c:/mingw/bin/../lib/gcc/mingw32/9.2.0/../../../libmsvcrt.a(dzsrlbs01181.o)
 .bss           0x0040fa24        0x0 c:/mingw/bin/../lib/gcc/mingw32/9.2.0/../../../libmsvcrt.a(dzsrlbs01176.o)
 .bss           0x0040fa24        0x0 c:/mingw/bin/../lib/gcc/mingw32/9.2.0/../../../libmsvcrt.a(dzsrlbs01141.o)
 .bss           0x0040fa24        0x0 c:/mingw/bin/../lib/gcc/mingw32/9.2.0/../../../libmsvcrt.a(dzsrlbs01136.o)
 .bss           0x0040fa24        0x0 c:/mingw/bin/../lib/gcc/mingw32/9.2.0/../../../libmsvcrt.a(dzsrlbs01120.o)
 .bss           0x0040fa24        0x0 c:/mingw/bin/../lib/gcc/mingw32/9.2.0/../../../libmsvcrt.a(dzsrlbs01092.o)
 .bss           0x0040fa24        0x0 c:/mingw/bin/../lib/gcc/mingw32/9.2.0/../../../libmsvcrt.a(dzsrlbs01087.o)
 .bss           0x0040fa24        0x0 c:/mingw/bin/../lib/gcc/mingw32/9.2.0/../../../libmsvcrt.a(dzsrlbs01085.o)
 .bss           0x0040fa24        0x0 c:/mingw/bin/../lib/gcc/mingw32/9.2.0/../../../libmsvcrt.a(dzsrlbs01077.o)
 .bss           0x0040fa24        0x0 c:/mingw/bin/../lib/gcc/mingw32/9.2.0/../../../libmsvcrt.a(dzsrlbs00747.o)
 .bss           0x0040fa24        0x0 c:/mingw/bin/../lib/gcc/mingw32/9.2.0/../../../libmsvcrt.a(dzsrlbs00692.o)
 .bss           0x0040fa24        0x0 c:/mingw/bin/../lib/gcc/mingw32/9.2.0/../../../libmsvcrt.a(dzsrlbs00683.o)
 .bss           0x0040fa24        0x0 c:/mingw/bin/../lib/gcc/mingw32/9.2.0/../../../libmsvcrt.a(dzsrlbs00680.o)
 .bss           0x0040fa24        0x0 c:/mingw/bin/../lib/gcc/mingw32/9.2.0/../../../libmsvcrt.a(dzsrlbs00416.o)
 .bss           0x0040fa24        0x0 c:/mingw/bin/../lib/gcc/mingw32/9.2.0/../../../libmsvcrt.a(dzsrlbs00411.o)
 .bss           0x0040fa24        0x0 c:/mingw/bin/../lib/gcc/mingw32/9.2.0/../../../libmsvcrt.a(dzsrlbs00344.o)
 .bss           0x0040fa24        0x0 c:/mingw/bin/../lib/gcc/mingw32/9.2.0/../../../libmsvcrt.a(dzsrlbs00318.o)
 .bss           0x0040fa24        0x0 c:/mingw/bin/../lib/gcc/mingw32/9.2.0/../../../libmsvcrt.a(dzsrlbs00279.o)
 .bss           0x0040fa24        0x0 c:/mingw/bin/../lib/gcc/mingw32/9.2.0/../../../libmsvcrt.a(dzsrlbs00214.o)
 .bss           0x0040fa24        0x0 c:/mingw/bin/../lib/gcc/mingw32/9.2.0/../../../libmsvcrt.a(dzsrlbs00153.o)
 .bss           0x0040fa24        0x0 c:/mingw/bin/../lib/gcc/mingw32/9.2.0/../../../libmsvcrt.a(dzsrlbs00133.o)
 .bss           0x0040fa24        0x0 c:/mingw/bin/../lib/gcc/mingw32/9.2.0/../../../libmsvcrt.a(dzsrlbs00131.o)
 .bss           0x0040fa24        0x0 c:/mingw/bin/../lib/gcc/mingw32/9.2.0/../../../libmsvcrt.a(dzsrlbs00119.o)
 .bss           0x0040fa24        0x0 c:/mingw/bin/../lib/gcc/mingw32/9.2.0/../../../libmsvcrt.a(dzsrlbs00088.o)
 .bss           0x0040fa24        0x0 c:/mingw/bin/../lib/gcc/mingw32/9.2.0/../../../libmsvcrt.a(dzsrlbs21214.o)
 .bss           0x0040fa24        0x0 c:/mingw/bin/../lib/gcc/mingw32/9.2.0/../../../libmsvcrt.a(dzsrlbs21125.o)
 .bss           0x0040fa24        0x0 c:/mingw/bin/../lib/gcc/mingw32/9.2.0/../../../libmsvcrt.a(dzsrlbh.o)
 .bss           0x0040fa24        0x0 c:/mingw/bin/../lib/gcc/mingw32/9.2.0/../../../libmsvcrt.a(dzsrlbt.o)
 .bss           0x0040fa24        0x0 c:/mingw/bin/../lib/gcc/mingw32/9.2.0/../../../libkernel32.a(dlrulbs01238.o)
 .bss           0x0040fa24        0x0 c:/mingw/bin/../lib/gcc/mingw32/9.2.0/../../../libkernel32.a(dlrulbs01206.o)
 .bss           0x0040fa24        0x0 c:/mingw/bin/../lib/gcc/mingw32/9.2.0/../../../libkernel32.a(dlrulbs01204.o)
 .bss           0x0040fa24        0x0 c:/mingw/bin/../lib/gcc/mingw32/9.2.0/../../../libkernel32.a(dlrulbs01164.o)
 .bss           0x0040fa24        0x0 c:/mingw/bin/../lib/gcc/mingw32/9.2.0/../../../libkernel32.a(dlrulbs01143.o)
 .bss           0x0040fa24        0x0 c:/mingw/bin/../lib/gcc/mingw32/9.2.0/../../../libkernel32.a(dlrulbs01131.o)
 .bss           0x0040fa24        0x0 c:/mingw/bin/../lib/gcc/mingw32/9.2.0/../../../libkernel32.a(dlrulbs01082.o)
 .bss           0x0040fa24        0x0 c:/mingw/bin/../lib/gcc/mingw32/9.2.0/../../../libkernel32.a(dlrulbs00860.o)
 .bss           0x0040fa24        0x0 c:/mingw/bin/../lib/gcc/mingw32/9.2.0/../../../libkernel32.a(dlrulbs00817.o)
 .bss           0x0040fa24        0x0 c:/mingw/bin/../lib/gcc/mingw32/9.2.0/../../../libkernel32.a(dlrulbs00814.o)
 .bss           0x0040fa24        0x0 c:/mingw/bin/../lib/gcc/mingw32/9.2.0/../../../libkernel32.a(dlrulbs00744.o)
 .bss           0x0040fa24        0x0 c:/mingw/bin/../lib/gcc/mingw32/9.2.0/../../../libkernel32.a(dlrulbs00734.o)
 .bss           0x0040fa24        0x0 c:/mingw/bin/../lib/gcc/mingw32/9.2.0/../../../libkernel32.a(dlrulbs00577.o)
 .bss           0x0040fa24        0x0 c:/mingw/bin/../lib/gcc/mingw32/9.2.0/../../../libkernel32.a(dlrulbs00529.o)
 .bss           0x0040fa24        0x0 c:/mingw/bin/../lib/gcc/mingw32/9.2.0/../../../libkernel32.a(dlrulbs00510.o)
 .bss           0x0040fa24        0x0 c:/mingw/bin/../lib/gcc/mingw32/9.2.0/../../../libkernel32.a(dlrulbs00388.o)
 .bss           0x0040fa24        0x0 c:/mingw/bin/../lib/gcc/mingw32/9.2.0/../../../libkernel32.a(dlrulbs00368.o)
 .bss           0x0040fa24        0x0 c:/mingw/bin/../lib/gcc/mingw32/9.2.0/../../../libkernel32.a(dlrulbs00352.o)
 .bss           0x0040fa24        0x0 c:/mingw/bin/../lib/gcc/mingw32/9.2.0/../../../libkernel32.a(dlrulbs00321.o)
 .bss           0x0040fa24        0x0 c:/mingw/bin/../lib/gcc/mingw32/9.2.0/../../../libkernel32.a(dlrulbs00304.o)
 .bss           0x0040fa24        0x0 c:/mingw/bin/../lib/gcc/mingw32/9.2.0/../../../libkernel32.a(dlrulbs00300.o)
 .bss           0x0040fa24        0x0 c:/mingw/bin/../lib/gcc/mingw32/9.2.0/../../../libkernel32.a(dlrulbs00279.o)
 .bss           0x0040fa24        0x0 c:/mingw/bin/../lib/gcc/mingw32/9.2.0/../../../libkernel32.a(dlrulbs00236.o)
 .bss           0x0040fa24        0x0 c:/mingw/bin/../lib/gcc/mingw32/9.2.0/../../../libkernel32.a(dlrulbs00207.o)
 .bss           0x0040fa24        0x0 c:/mingw/bin/../lib/gcc/mingw32/9.2.0/../../../libkernel32.a(dlrulbh.o)
 .bss           0x0040fa24        0x0 c:/mingw/bin/../lib/gcc/mingw32/9.2.0/../../../libkernel32.a(dlrulbt.o)
 .bss           0x0040fa24        0x0 c:/mingw/bin/../lib/gcc/mingw32/9.2.0/crtend.o
 *(COMMON)
 COMMON         0x0040fa24        0x4 c:/mingw/bin/../lib/gcc/mingw32/9.2.0/crtbegin.o
                0x0040fa24                hmod_libgcc
 COMMON         0x0040fa28        0x0 c:/mingw/bin/../lib/gcc/mingw32/9.2.0/libgcc.a(_ctors.o)
                0x0040fa28                __bss_end__ = .

.edata
 *(.edata)

/DISCARD/
 *(.debug$S)
 *(.debug$T)
 *(.debug$F)
 *(.drectve)
 *(.note.GNU-stack)
 *(.gnu.lto_*)

.idata          0x00410000      0xa00
 SORT_BY_NAME(*)(.idata$2)
 .idata$2       0x00410000       0x14 c:/mingw/bin/../lib/gcc/mingw32/9.2.0/../../../libkernel32.a(dlrulbh.o)
                0x00410000                _head_libkernel32_a
 .idata$2       0x00410014       0x14 c:/mingw/bin/../lib/gcc/mingw32/9.2.0/../../../libmoldname.a(dlhslbh.o)
                0x00410014                _head_libmoldname_a
 .idata$2       0x00410028       0x14 c:/mingw/bin/../lib/gcc/mingw32/9.2.0/../../../libmsvcrt.a(dzsrlbh.o)
                0x00410028                _head_libmsvcrt_a
 .idata$2       0x0041003c       0x14 c:/mingw/bin/../lib/gcc/mingw32/9.2.0/libgcc_s.a(d000000.o)
                0x0041003c                _head_libgcc_s_dw2_1_dll
 .idata$2       0x00410050       0x14 c:/mingw/bin/../lib/gcc/mingw32/9.2.0/libstdc++.dll.a(d000000.o)
                0x00410050                _head_libstdc___6_dll
 SORT_BY_NAME(*)(.idata$3)
                0x00410064        0x4 LONG 0x0
                0x00410068        0x4 LONG 0x0
                0x0041006c        0x4 LONG 0x0
                0x00410070        0x4 LONG 0x0
                0x00410074        0x4 LONG 0x0
 SORT_BY_NAME(*)(.idata$4)
 .idata$4       0x00410078        0x0 c:/mingw/bin/../lib/gcc/mingw32/9.2.0/../../../libkernel32.a(dlrulbh.o)
 .idata$4       0x00410078        0x4 c:/mingw/bin/../lib/gcc/mingw32/9.2.0/../../../libkernel32.a(dlrulbs00207.o)
 .idata$4       0x0041007c        0x4 c:/mingw/bin/../lib/gcc/mingw32/9.2.0/../../../libkernel32.a(dlrulbs00236.o)
 .idata$4       0x00410080        0x4 c:/mingw/bin/../lib/gcc/mingw32/9.2.0/../../../libkernel32.a(dlrulbs00279.o)
 .idata$4       0x00410084        0x4 c:/mingw/bin/../lib/gcc/mingw32/9.2.0/../../../libkernel32.a(dlrulbs00300.o)
 .idata$4       0x00410088        0x4 c:/mingw/bin/../lib/gcc/mingw32/9.2.0/../../../libkernel32.a(dlrulbs00304.o)
 .idata$4       0x0041008c        0x4 c:/mingw/bin/../lib/gcc/mingw32/9.2.0/../../../libkernel32.a(dlrulbs00321.o)
 .idata$4       0x00410090        0x4 c:/mingw/bin/../lib/gcc/mingw32/9.2.0/../../../libkernel32.a(dlrulbs00352.o)
 .idata$4       0x00410094        0x4 c:/mingw/bin/../lib/gcc/mingw32/9.2.0/../../../libkernel32.a(dlrulbs00368.o)
 .idata$4       0x00410098        0x4 c:/mingw/bin/../lib/gcc/mingw32/9.2.0/../../../libkernel32.a(dlrulbs00388.o)
 .idata$4       0x0041009c        0x4 c:/mingw/bin/../lib/gcc/mingw32/9.2.0/../../../libkernel32.a(dlrulbs00510.o)
 .idata$4       0x004100a0        0x4 c:/mingw/bin/../lib/gcc/mingw32/9.2.0/../../../libkernel32.a(dlrulbs00529.o)
 .idata$4       0x004100a4        0x4 c:/mingw/bin/../lib/gcc/mingw32/9.2.0/../../../libkernel32.a(dlrulbs00577.o)
 .idata$4       0x004100a8        0x4 c:/mingw/bin/../lib/gcc/mingw32/9.2.0/../../../libkernel32.a(dlrulbs00734.o)
 .idata$4       0x004100ac        0x4 c:/mingw/bin/../lib/gcc/mingw32/9.2.0/../../../libkernel32.a(dlrulbs00744.o)
 .idata$4       0x004100b0        0x4 c:/mingw/bin/../lib/gcc/mingw32/9.2.0/../../../libkernel32.a(dlrulbs00814.o)
 .idata$4       0x004100b4        0x4 c:/mingw/bin/../lib/gcc/mingw32/9.2.0/../../../libkernel32.a(dlrulbs00817.o)
 .idata$4       0x004100b8        0x4 c:/mingw/bin/../lib/gcc/mingw32/9.2.0/../../../libkernel32.a(dlrulbs00860.o)
 .idata$4       0x004100bc        0x4 c:/mingw/bin/../lib/gcc/mingw32/9.2.0/../../../libkernel32.a(dlrulbs01082.o)
 .idata$4       0x004100c0        0x4 c:/mingw/bin/../lib/gcc/mingw32/9.2.0/../../../libkernel32.a(dlrulbs01131.o)
 .idata$4       0x004100c4        0x4 c:/mingw/bin/../lib/gcc/mingw32/9.2.0/../../../libkernel32.a(dlrulbs01143.o)
 .idata$4       0x004100c8        0x4 c:/mingw/bin/../lib/gcc/mingw32/9.2.0/../../../libkernel32.a(dlrulbs01164.o)
 .idata$4       0x004100cc        0x4 c:/mingw/bin/../lib/gcc/mingw32/9.2.0/../../../libkernel32.a(dlrulbs01204.o)
 .idata$4       0x004100d0        0x4 c:/mingw/bin/../lib/gcc/mingw32/9.2.0/../../../libkernel32.a(dlrulbs01206.o)
 .idata$4       0x004100d4        0x4 c:/mingw/bin/../lib/gcc/mingw32/9.2.0/../../../libkernel32.a(dlrulbs01238.o)
 .idata$4       0x004100d8        0x4 c:/mingw/bin/../lib/gcc/mingw32/9.2.0/../../../libkernel32.a(dlrulbt.o)
 .idata$4       0x004100dc        0x0 c:/mingw/bin/../lib/gcc/mingw32/9.2.0/../../../libmoldname.a(dlhslbh.o)
 .idata$4       0x004100dc        0x4 c:/mingw/bin/../lib/gcc/mingw32/9.2.0/../../../libmoldname.a(dlhslbs00080.o)
 .idata$4       0x004100e0        0x4 c:/mingw/bin/../lib/gcc/mingw32/9.2.0/../../../libmoldname.a(dlhslbs00082.o)
 .idata$4       0x004100e4        0x4 c:/mingw/bin/../lib/gcc/mingw32/9.2.0/../../../libmoldname.a(dlhslbt.o)
 .idata$4       0x004100e8        0x0 c:/mingw/bin/../lib/gcc/mingw32/9.2.0/../../../libmsvcrt.a(dzsrlbh.o)
 .idata$4       0x004100e8        0x4 c:/mingw/bin/../lib/gcc/mingw32/9.2.0/../../../libmsvcrt.a(dzsrlbs00088.o)
 .idata$4       0x004100ec        0x4 c:/mingw/bin/../lib/gcc/mingw32/9.2.0/../../../libmsvcrt.a(dzsrlbs00119.o)
 .idata$4       0x004100f0        0x4 c:/mingw/bin/../lib/gcc/mingw32/9.2.0/../../../libmsvcrt.a(dzsrlbs00131.o)
 .idata$4       0x004100f4        0x4 c:/mingw/bin/../lib/gcc/mingw32/9.2.0/../../../libmsvcrt.a(dzsrlbs00133.o)
 .idata$4       0x004100f8        0x4 c:/mingw/bin/../lib/gcc/mingw32/9.2.0/../../../libmsvcrt.a(dzsrlbs00153.o)
 .idata$4       0x004100fc        0x4 c:/mingw/bin/../lib/gcc/mingw32/9.2.0/../../../libmsvcrt.a(dzsrlbs00214.o)
 .idata$4       0x00410100        0x4 c:/mingw/bin/../lib/gcc/mingw32/9.2.0/../../../libmsvcrt.a(dzsrlbs00279.o)
 .idata$4       0x00410104        0x4 c:/mingw/bin/../lib/gcc/mingw32/9.2.0/../../../libmsvcrt.a(dzsrlbs00318.o)
 .idata$4       0x00410108        0x4 c:/mingw/bin/../lib/gcc/mingw32/9.2.0/../../../libmsvcrt.a(dzsrlbs00344.o)
 .idata$4       0x0041010c        0x4 c:/mingw/bin/../lib/gcc/mingw32/9.2.0/../../../libmsvcrt.a(dzsrlbs00411.o)
 .idata$4       0x00410110        0x4 c:/mingw/bin/../lib/gcc/mingw32/9.2.0/../../../libmsvcrt.a(dzsrlbs00416.o)
 .idata$4       0x00410114        0x4 c:/mingw/bin/../lib/gcc/mingw32/9.2.0/../../../libmsvcrt.a(dzsrlbs00680.o)
 .idata$4       0x00410118        0x4 c:/mingw/bin/../lib/gcc/mingw32/9.2.0/../../../libmsvcrt.a(dzsrlbs00683.o)
 .idata$4       0x0041011c        0x4 c:/mingw/bin/../lib/gcc/mingw32/9.2.0/../../../libmsvcrt.a(dzsrlbs00692.o)
 .idata$4       0x00410120        0x4 c:/mingw/bin/../lib/gcc/mingw32/9.2.0/../../../libmsvcrt.a(dzsrlbs00747.o)
 .idata$4       0x00410124        0x4 c:/mingw/bin/../lib/gcc/mingw32/9.2.0/../../../libmsvcrt.a(dzsrlbs01077.o)
 .idata$4       0x00410128        0x4 c:/mingw/bin/../lib/gcc/mingw32/9.2.0/../../../libmsvcrt.a(dzsrlbs01085.o)
 .idata$4       0x0041012c        0x4 c:/mingw/bin/../lib/gcc/mingw32/9.2.0/../../../libmsvcrt.a(dzsrlbs01087.o)
 .idata$4       0x00410130        0x4 c:/mingw/bin/../lib/gcc/mingw32/9.2.0/../../../libmsvcrt.a(dzsrlbs01092.o)
 .idata$4       0x00410134        0x4 c:/mingw/bin/../lib/gcc/mingw32/9.2.0/../../../libmsvcrt.a(dzsrlbs01120.o)
 .idata$4       0x00410138        0x4 c:/mingw/bin/../lib/gcc/mingw32/9.2.0/../../../libmsvcrt.a(dzsrlbs01136.o)
 .idata$4       0x0041013c        0x4 c:/mingw/bin/../lib/gcc/mingw32/9.2.0/../../../libmsvcrt.a(dzsrlbs01141.o)
 .idata$4       0x00410140        0x4 c:/mingw/bin/../lib/gcc/mingw32/9.2.0/../../../libmsvcrt.a(dzsrlbs01176.o)
 .idata$4       0x00410144        0x4 c:/mingw/bin/../lib/gcc/mingw32/9.2.0/../../../libmsvcrt.a(dzsrlbs01181.o)
 .idata$4       0x00410148        0x4 c:/mingw/bin/../lib/gcc/mingw32/9.2.0/../../../libmsvcrt.a(dzsrlbs01188.o)
 .idata$4       0x0041014c        0x4 c:/mingw/bin/../lib/gcc/mingw32/9.2.0/../../../libmsvcrt.a(dzsrlbs01193.o)
 .idata$4       0x00410150        0x4 c:/mingw/bin/../lib/gcc/mingw32/9.2.0/../../../libmsvcrt.a(dzsrlbs01195.o)
 .idata$4       0x00410154        0x4 c:/mingw/bin/../lib/gcc/mingw32/9.2.0/../../../libmsvcrt.a(dzsrlbs01221.o)
 .idata$4       0x00410158        0x4 c:/mingw/bin/../lib/gcc/mingw32/9.2.0/../../../libmsvcrt.a(dzsrlbs01223.o)
 .idata$4       0x0041015c        0x4 c:/mingw/bin/../lib/gcc/mingw32/9.2.0/../../../libmsvcrt.a(dzsrlbs01234.o)
 .idata$4       0x00410160        0x4 c:/mingw/bin/../lib/gcc/mingw32/9.2.0/../../../libmsvcrt.a(dzsrlbs01235.o)
 .idata$4       0x00410164        0x4 c:/mingw/bin/../lib/gcc/mingw32/9.2.0/../../../libmsvcrt.a(dzsrlbs01236.o)
 .idata$4       0x00410168        0x4 c:/mingw/bin/../lib/gcc/mingw32/9.2.0/../../../libmsvcrt.a(dzsrlbs01243.o)
 .idata$4       0x0041016c        0x4 c:/mingw/bin/../lib/gcc/mingw32/9.2.0/../../../libmsvcrt.a(dzsrlbs01271.o)
 .idata$4       0x00410170        0x4 c:/mingw/bin/../lib/gcc/mingw32/9.2.0/../../../libmsvcrt.a(dzsrlbs01278.o)
 .idata$4       0x00410174        0x4 c:/mingw/bin/../lib/gcc/mingw32/9.2.0/../../../libmsvcrt.a(dzsrlbs01302.o)
 .idata$4       0x00410178        0x4 c:/mingw/bin/../lib/gcc/mingw32/9.2.0/../../../libmsvcrt.a(dzsrlbs01319.o)
 .idata$4       0x0041017c        0x4 c:/mingw/bin/../lib/gcc/mingw32/9.2.0/../../../libmsvcrt.a(dzsrlbs21125.o)
 .idata$4       0x00410180        0x4 c:/mingw/bin/../lib/gcc/mingw32/9.2.0/../../../libmsvcrt.a(dzsrlbs21214.o)
 .idata$4       0x00410184        0x4 c:/mingw/bin/../lib/gcc/mingw32/9.2.0/../../../libmsvcrt.a(dzsrlbt.o)
 .idata$4       0x00410188        0x0 c:/mingw/bin/../lib/gcc/mingw32/9.2.0/libgcc_s.a(d000000.o)
 .idata$4       0x00410188        0x4 c:/mingw/bin/../lib/gcc/mingw32/9.2.0/libgcc_s.a(d000037.o)
 .idata$4       0x0041018c        0x4 c:/mingw/bin/../lib/gcc/mingw32/9.2.0/libgcc_s.a(d000046.o)
 .idata$4       0x00410190        0x4 c:/mingw/bin/../lib/gcc/mingw32/9.2.0/libgcc_s.a(d000107.o)
 .idata$4       0x00410194        0x4 c:/mingw/bin/../lib/gcc/mingw32/9.2.0/libgcc_s.a(d000119.o)
 .idata$4       0x00410198        0x4 c:/mingw/bin/../lib/gcc/mingw32/9.2.0/libgcc_s.a(d000121.o)
 .idata$4       0x0041019c        0x4 c:/mingw/bin/../lib/gcc/mingw32/9.2.0/libgcc_s.a(d000123.o)
 .idata$4       0x004101a0        0x0 c:/mingw/bin/../lib/gcc/mingw32/9.2.0/libstdc++.dll.a(d000000.o)
 .idata$4       0x004101a0        0x4 c:/mingw/bin/../lib/gcc/mingw32/9.2.0/libstdc++.dll.a(d001595.o)
 .idata$4       0x004101a4        0x4 c:/mingw/bin/../lib/gcc/mingw32/9.2.0/libstdc++.dll.a(d004401.o)
 .idata$4       0x004101a8        0x4 c:/mingw/bin/../lib/gcc/mingw32/9.2.0/libstdc++.dll.a(d004403.o)
 .idata$4       0x004101ac        0x4 c:/mingw/bin/../lib/gcc/mingw32/9.2.0/libstdc++.dll.a(d004675.o)
 .idata$4       0x004101b0        0x4 c:/mingw/bin/../lib/gcc/mingw32/9.2.0/libstdc++.dll.a(d004781.o)
 .idata$4       0x004101b4        0x4 c:/mingw/bin/../lib/gcc/mingw32/9.2.0/libstdc++.dll.a(d005664.o)
                0x004101b8                __IAT_start__ = .
 SORT_BY_NAME(*)(.idata$5)
 .idata$5       0x004101b8        0x0 c:/mingw/bin/../lib/gcc/mingw32/9.2.0/../../../libkernel32.a(dlrulbh.o)
 .idata$5       0x004101b8        0x4 c:/mingw/bin/../lib/gcc/mingw32/9.2.0/../../../libkernel32.a(dlrulbs00207.o)
                0x004101b8                _imp__DeleteCriticalSection@4
 .idata$5       0x004101bc        0x4 c:/mingw/bin/../lib/gcc/mingw32/9.2.0/../../../libkernel32.a(dlrulbs00236.o)
                0x004101bc                _imp__EnterCriticalSection@4
 .idata$5       0x004101c0        0x4 c:/mingw/bin/../lib/gcc/mingw32/9.2.0/../../../libkernel32.a(dlrulbs00279.o)
                0x004101c0                _imp__ExitProcess@4
 .idata$5       0x004101c4        0x4 c:/mingw/bin/../lib/gcc/mingw32/9.2.0/../../../libkernel32.a(dlrulbs00300.o)
                0x004101c4                _imp__FindClose@4
 .idata$5       0x004101c8        0x4 c:/mingw/bin/../lib/gcc/mingw32/9.2.0/../../../libkernel32.a(dlrulbs00304.o)
                0x004101c8                _imp__FindFirstFileA@8
 .idata$5       0x004101cc        0x4 c:/mingw/bin/../lib/gcc/mingw32/9.2.0/../../../libkernel32.a(dlrulbs00321.o)
                0x004101cc                _imp__FindNextFileA@8
 .idata$5       0x004101d0        0x4 c:/mingw/bin/../lib/gcc/mingw32/9.2.0/../../../libkernel32.a(dlrulbs00352.o)
                0x004101d0                _imp__FreeLibrary@4
 .idata$5       0x004101d4        0x4 c:/mingw/bin/../lib/gcc/mingw32/9.2.0/../../../libkernel32.a(dlrulbs00368.o)
                0x004101d4                _imp__GetCPInfo@8
 .idata$5       0x004101d8        0x4 c:/mingw/bin/../lib/gcc/mingw32/9.2.0/../../../libkernel32.a(dlrulbs00388.o)
                0x004101d8                _imp__GetCommandLineA@0
 .idata$5       0x004101dc        0x4 c:/mingw/bin/../lib/gcc/mingw32/9.2.0/../../../libkernel32.a(dlrulbs00510.o)
                0x004101dc                _imp__GetLastError@0
 .idata$5       0x004101e0        0x4 c:/mingw/bin/../lib/gcc/mingw32/9.2.0/../../../libkernel32.a(dlrulbs00529.o)
                0x004101e0                _imp__GetModuleHandleA@4
 .idata$5       0x004101e4        0x4 c:/mingw/bin/../lib/gcc/mingw32/9.2.0/../../../libkernel32.a(dlrulbs00577.o)
                0x004101e4                _imp__GetProcAddress@8
 .idata$5       0x004101e8        0x4 c:/mingw/bin/../lib/gcc/mingw32/9.2.0/../../../libkernel32.a(dlrulbs00734.o)
                0x004101e8                _imp__InitializeCriticalSection@4
 .idata$5       0x004101ec        0x4 c:/mingw/bin/../lib/gcc/mingw32/9.2.0/../../../libkernel32.a(dlrulbs00744.o)
                0x004101ec                _imp__InterlockedExchange@8
 .idata$5       0x004101f0        0x4 c:/mingw/bin/../lib/gcc/mingw32/9.2.0/../../../libkernel32.a(dlrulbs00814.o)
                0x004101f0                _imp__LeaveCriticalSection@4
 .idata$5       0x004101f4        0x4 c:/mingw/bin/../lib/gcc/mingw32/9.2.0/../../../libkernel32.a(dlrulbs00817.o)
                0x004101f4                _imp__LoadLibraryA@4
 .idata$5       0x004101f8        0x4 c:/mingw/bin/../lib/gcc/mingw32/9.2.0/../../../libkernel32.a(dlrulbs00860.o)
                0x004101f8                _imp__MultiByteToWideChar@24
 .idata$5       0x004101fc        0x4 c:/mingw/bin/../lib/gcc/mingw32/9.2.0/../../../libkernel32.a(dlrulbs01082.o)
                0x004101fc                _imp__SetLastError@4
 .idata$5       0x00410200        0x4 c:/mingw/bin/../lib/gcc/mingw32/9.2.0/../../../libkernel32.a(dlrulbs01131.o)
                0x00410200                _imp__SetUnhandledExceptionFilter@4
 .idata$5       0x00410204        0x4 c:/mingw/bin/../lib/gcc/mingw32/9.2.0/../../../libkernel32.a(dlrulbs01143.o)
                0x00410204                _imp__Sleep@4
 .idata$5       0x00410208        0x4 c:/mingw/bin/../lib/gcc/mingw32/9.2.0/../../../libkernel32.a(dlrulbs01164.o)
                0x00410208                _imp__TlsGetValue@4
 .idata$5       0x0041020c        0x4 c:/mingw/bin/../lib/gcc/mingw32/9.2.0/../../../libkernel32.a(dlrulbs01204.o)
                0x0041020c                _imp__VirtualProtect@16
 .idata$5       0x00410210        0x4 c:/mingw/bin/../lib/gcc/mingw32/9.2.0/../../../libkernel32.a(dlrulbs01206.o)
                0x00410210                _imp__VirtualQuery@12
 .idata$5       0x00410214        0x4 c:/mingw/bin/../lib/gcc/mingw32/9.2.0/../../../libkernel32.a(dlrulbs01238.o)
                0x00410214                _imp__WideCharToMultiByte@32
 .idata$5       0x00410218        0x4 c:/mingw/bin/../lib/gcc/mingw32/9.2.0/../../../libkernel32.a(dlrulbt.o)
 .idata$5       0x0041021c        0x0 c:/mingw/bin/../lib/gcc/mingw32/9.2.0/../../../libmoldname.a(dlhslbh.o)
 .idata$5       0x0041021c        0x4 c:/mingw/bin/../lib/gcc/mingw32/9.2.0/../../../libmoldname.a(dlhslbs00080.o)
                0x0041021c                _imp__strdup
 .idata$5       0x00410220        0x4 c:/mingw/bin/../lib/gcc/mingw32/9.2.0/../../../libmoldname.a(dlhslbs00082.o)
                0x00410220                _imp__stricoll
 .idata$5       0x00410224        0x4 c:/mingw/bin/../lib/gcc/mingw32/9.2.0/../../../libmoldname.a(dlhslbt.o)
 .idata$5       0x00410228        0x0 c:/mingw/bin/../lib/gcc/mingw32/9.2.0/../../../libmsvcrt.a(dzsrlbh.o)
 .idata$5       0x00410228        0x4 c:/mingw/bin/../lib/gcc/mingw32/9.2.0/../../../libmsvcrt.a(dzsrlbs00088.o)
                0x00410228                _imp____getmainargs
 .idata$5       0x0041022c        0x4 c:/mingw/bin/../lib/gcc/mingw32/9.2.0/../../../libmsvcrt.a(dzsrlbs00119.o)
                0x0041022c                _imp____mb_cur_max
 .idata$5       0x00410230        0x4 c:/mingw/bin/../lib/gcc/mingw32/9.2.0/../../../libmsvcrt.a(dzsrlbs00131.o)
                0x00410230                _imp____p__environ
 .idata$5       0x00410234        0x4 c:/mingw/bin/../lib/gcc/mingw32/9.2.0/../../../libmsvcrt.a(dzsrlbs00133.o)
                0x00410234                _imp____p__fmode
 .idata$5       0x00410238        0x4 c:/mingw/bin/../lib/gcc/mingw32/9.2.0/../../../libmsvcrt.a(dzsrlbs00153.o)
                0x00410238                _imp____set_app_type
 .idata$5       0x0041023c        0x4 c:/mingw/bin/../lib/gcc/mingw32/9.2.0/../../../libmsvcrt.a(dzsrlbs00214.o)
                0x0041023c                _imp___cexit
 .idata$5       0x00410240        0x4 c:/mingw/bin/../lib/gcc/mingw32/9.2.0/../../../libmsvcrt.a(dzsrlbs00279.o)
                0x00410240                _imp___errno
 .idata$5       0x00410244        0x4 c:/mingw/bin/../lib/gcc/mingw32/9.2.0/../../../libmsvcrt.a(dzsrlbs00318.o)
                0x00410244                _imp___fpreset
 .idata$5       0x00410248        0x4 c:/mingw/bin/../lib/gcc/mingw32/9.2.0/../../../libmsvcrt.a(dzsrlbs00344.o)
                0x00410248                _imp___fullpath
 .idata$5       0x0041024c        0x4 c:/mingw/bin/../lib/gcc/mingw32/9.2.0/../../../libmsvcrt.a(dzsrlbs00411.o)
                0x0041024c                _imp___iob
 .idata$5       0x00410250        0x4 c:/mingw/bin/../lib/gcc/mingw32/9.2.0/../../../libmsvcrt.a(dzsrlbs00416.o)
                0x00410250                _imp___isctype
 .idata$5       0x00410254        0x4 c:/mingw/bin/../lib/gcc/mingw32/9.2.0/../../../libmsvcrt.a(dzsrlbs00680.o)
                0x00410254                _imp___msize
 .idata$5       0x00410258        0x4 c:/mingw/bin/../lib/gcc/mingw32/9.2.0/../../../libmsvcrt.a(dzsrlbs00683.o)
                0x00410258                _imp___onexit
 .idata$5       0x0041025c        0x4 c:/mingw/bin/../lib/gcc/mingw32/9.2.0/../../../libmsvcrt.a(dzsrlbs00692.o)
                0x0041025c                _imp___pctype
 .idata$5       0x00410260        0x4 c:/mingw/bin/../lib/gcc/mingw32/9.2.0/../../../libmsvcrt.a(dzsrlbs00747.o)
                0x00410260                _imp___setmode
 .idata$5       0x00410264        0x4 c:/mingw/bin/../lib/gcc/mingw32/9.2.0/../../../libmsvcrt.a(dzsrlbs01077.o)
                0x00410264                _imp__abort
 .idata$5       0x00410268        0x4 c:/mingw/bin/../lib/gcc/mingw32/9.2.0/../../../libmsvcrt.a(dzsrlbs01085.o)
                0x00410268                _imp__atexit
 .idata$5       0x0041026c        0x4 c:/mingw/bin/../lib/gcc/mingw32/9.2.0/../../../libmsvcrt.a(dzsrlbs01087.o)
                0x0041026c                _imp__atoi
 .idata$5       0x00410270        0x4 c:/mingw/bin/../lib/gcc/mingw32/9.2.0/../../../libmsvcrt.a(dzsrlbs01092.o)
                0x00410270                _imp__calloc
 .idata$5       0x00410274        0x4 c:/mingw/bin/../lib/gcc/mingw32/9.2.0/../../../libmsvcrt.a(dzsrlbs01120.o)
                0x00410274                _imp__fputc
 .idata$5       0x00410278        0x4 c:/mingw/bin/../lib/gcc/mingw32/9.2.0/../../../libmsvcrt.a(dzsrlbs01136.o)
                0x00410278                _imp__fwrite
 .idata$5       0x0041027c        0x4 c:/mingw/bin/../lib/gcc/mingw32/9.2.0/../../../libmsvcrt.a(dzsrlbs01141.o)
                0x0041027c                _imp__getenv
 .idata$5       0x00410280        0x4 c:/mingw/bin/../lib/gcc/mingw32/9.2.0/../../../libmsvcrt.a(dzsrlbs01176.o)
                0x00410280                _imp__localeconv
 .idata$5       0x00410284        0x4 c:/mingw/bin/../lib/gcc/mingw32/9.2.0/../../../libmsvcrt.a(dzsrlbs01181.o)
                0x00410284                _imp__malloc
 .idata$5       0x00410288        0x4 c:/mingw/bin/../lib/gcc/mingw32/9.2.0/../../../libmsvcrt.a(dzsrlbs01188.o)
                0x00410288                _imp__mbstowcs
 .idata$5       0x0041028c        0x4 c:/mingw/bin/../lib/gcc/mingw32/9.2.0/../../../libmsvcrt.a(dzsrlbs01193.o)
                0x0041028c                _imp__memcpy
 .idata$5       0x00410290        0x4 c:/mingw/bin/../lib/gcc/mingw32/9.2.0/../../../libmsvcrt.a(dzsrlbs01195.o)
                0x00410290                _imp__memmove
 .idata$5       0x00410294        0x4 c:/mingw/bin/../lib/gcc/mingw32/9.2.0/../../../libmsvcrt.a(dzsrlbs01221.o)
                0x00410294                _imp__setlocale
 .idata$5       0x00410298        0x4 c:/mingw/bin/../lib/gcc/mingw32/9.2.0/../../../libmsvcrt.a(dzsrlbs01223.o)
                0x00410298                _imp__signal
 .idata$5       0x0041029c        0x4 c:/mingw/bin/../lib/gcc/mingw32/9.2.0/../../../libmsvcrt.a(dzsrlbs01234.o)
                0x0041029c                _imp__strchr
 .idata$5       0x004102a0        0x4 c:/mingw/bin/../lib/gcc/mingw32/9.2.0/../../../libmsvcrt.a(dzsrlbs01235.o)
                0x004102a0                _imp__strcmp
 .idata$5       0x004102a4        0x4 c:/mingw/bin/../lib/gcc/mingw32/9.2.0/../../../libmsvcrt.a(dzsrlbs01236.o)
                0x004102a4                _imp__strcoll
 .idata$5       0x004102a8        0x4 c:/mingw/bin/../lib/gcc/mingw32/9.2.0/../../../libmsvcrt.a(dzsrlbs01243.o)
                0x004102a8                _imp__strlen
 .idata$5       0x004102ac        0x4 c:/mingw/bin/../lib/gcc/mingw32/9.2.0/../../../libmsvcrt.a(dzsrlbs01271.o)
                0x004102ac                _imp__tolower
 .idata$5       0x004102b0        0x4 c:/mingw/bin/../lib/gcc/mingw32/9.2.0/../../../libmsvcrt.a(dzsrlbs01278.o)
                0x004102b0                _imp__vfprintf
 .idata$5       0x004102b4        0x4 c:/mingw/bin/../lib/gcc/mingw32/9.2.0/../../../libmsvcrt.a(dzsrlbs01302.o)
                0x004102b4                _imp__wcslen
 .idata$5       0x004102b8        0x4 c:/mingw/bin/../lib/gcc/mingw32/9.2.0/../../../libmsvcrt.a(dzsrlbs01319.o)
                0x004102b8                _imp__wcstombs
 .idata$5       0x004102bc        0x4 c:/mingw/bin/../lib/gcc/mingw32/9.2.0/../../../libmsvcrt.a(dzsrlbs21125.o)
                0x004102bc                _imp____msvcrt_free
 .idata$5       0x004102c0        0x4 c:/mingw/bin/../lib/gcc/mingw32/9.2.0/../../../libmsvcrt.a(dzsrlbs21214.o)
                0x004102c0                _imp____msvcrt_realloc
 .idata$5       0x004102c4        0x4 c:/mingw/bin/../lib/gcc/mingw32/9.2.0/../../../libmsvcrt.a(dzsrlbt.o)
 .idata$5       0x004102c8        0x0 c:/mingw/bin/../lib/gcc/mingw32/9.2.0/libgcc_s.a(d000000.o)
 .idata$5       0x004102c8        0x4 c:/mingw/bin/../lib/gcc/mingw32/9.2.0/libgcc_s.a(d000037.o)
                0x004102c8                _imp____deregister_frame_info
 .idata$5       0x004102cc        0x4 c:/mingw/bin/../lib/gcc/mingw32/9.2.0/libgcc_s.a(d000046.o)
                0x004102cc                _imp____emutls_get_address
 .idata$5       0x004102d0        0x4 c:/mingw/bin/../lib/gcc/mingw32/9.2.0/libgcc_s.a(d000107.o)
                0x004102d0                _imp____register_frame_info
 .idata$5       0x004102d4        0x4 c:/mingw/bin/../lib/gcc/mingw32/9.2.0/libgcc_s.a(d000119.o)
                0x004102d4                _imp____udivdi3
 .idata$5       0x004102d8        0x4 c:/mingw/bin/../lib/gcc/mingw32/9.2.0/libgcc_s.a(d000121.o)
                0x004102d8                _imp____umoddi3
 .idata$5       0x004102dc        0x4 c:/mingw/bin/../lib/gcc/mingw32/9.2.0/libgcc_s.a(d000123.o)
 .idata$5       0x004102e0        0x0 c:/mingw/bin/../lib/gcc/mingw32/9.2.0/libstdc++.dll.a(d000000.o)
 .idata$5       0x004102e0        0x4 c:/mingw/bin/../lib/gcc/mingw32/9.2.0/libstdc++.dll.a(d001595.o)
                0x004102e0                _imp___ZNSolsEi
 .idata$5       0x004102e4        0x4 c:/mingw/bin/../lib/gcc/mingw32/9.2.0/libstdc++.dll.a(d004401.o)
                0x004102e4                _imp___ZNSt8ios_base4InitC1Ev
 .idata$5       0x004102e8        0x4 c:/mingw/bin/../lib/gcc/mingw32/9.2.0/libstdc++.dll.a(d004403.o)
                0x004102e8                _imp___ZNSt8ios_base4InitD1Ev
 .idata$5       0x004102ec        0x4 c:/mingw/bin/../lib/gcc/mingw32/9.2.0/libstdc++.dll.a(d004675.o)
                0x004102ec                _imp___ZSt4cout
                0x004102ec                std::cout
 .idata$5       0x004102f0        0x4 c:/mingw/bin/../lib/gcc/mingw32/9.2.0/libstdc++.dll.a(d004781.o)
                0x004102f0                _imp___ZStlsISt11char_traitsIcEERSt13basic_ostreamIcT_ES5_PKc
 .idata$5       0x004102f4        0x4 c:/mingw/bin/../lib/gcc/mingw32/9.2.0/libstdc++.dll.a(d005664.o)
                0x004102f8                __IAT_end__ = .
 SORT_BY_NAME(*)(.idata$6)
 .idata$6       0x004102f8       0x18 c:/mingw/bin/../lib/gcc/mingw32/9.2.0/../../../libkernel32.a(dlrulbs00207.o)
 .idata$6       0x00410310       0x18 c:/mingw/bin/../lib/gcc/mingw32/9.2.0/../../../libkernel32.a(dlrulbs00236.o)
 .idata$6       0x00410328        0xe c:/mingw/bin/../lib/gcc/mingw32/9.2.0/../../../libkernel32.a(dlrulbs00279.o)
 .idata$6       0x00410336        0xc c:/mingw/bin/../lib/gcc/mingw32/9.2.0/../../../libkernel32.a(dlrulbs00300.o)
 .idata$6       0x00410342       0x12 c:/mingw/bin/../lib/gcc/mingw32/9.2.0/../../../libkernel32.a(dlrulbs00304.o)
 .idata$6       0x00410354       0x10 c:/mingw/bin/../lib/gcc/mingw32/9.2.0/../../../libkernel32.a(dlrulbs00321.o)
 .idata$6       0x00410364        0xe c:/mingw/bin/../lib/gcc/mingw32/9.2.0/../../../libkernel32.a(dlrulbs00352.o)
 .idata$6       0x00410372        0xc c:/mingw/bin/../lib/gcc/mingw32/9.2.0/../../../libkernel32.a(dlrulbs00368.o)
 .idata$6       0x0041037e       0x12 c:/mingw/bin/../lib/gcc/mingw32/9.2.0/../../../libkernel32.a(dlrulbs00388.o)
 .idata$6       0x00410390       0x10 c:/mingw/bin/../lib/gcc/mingw32/9.2.0/../../../libkernel32.a(dlrulbs00510.o)
 .idata$6       0x004103a0       0x14 c:/mingw/bin/../lib/gcc/mingw32/9.2.0/../../../libkernel32.a(dlrulbs00529.o)
 .idata$6       0x004103b4       0x12 c:/mingw/bin/../lib/gcc/mingw32/9.2.0/../../../libkernel32.a(dlrulbs00577.o)
 .idata$6       0x004103c6       0x1c c:/mingw/bin/../lib/gcc/mingw32/9.2.0/../../../libkernel32.a(dlrulbs00734.o)
 .idata$6       0x004103e2       0x16 c:/mingw/bin/../lib/gcc/mingw32/9.2.0/../../../libkernel32.a(dlrulbs00744.o)
 .idata$6       0x004103f8       0x18 c:/mingw/bin/../lib/gcc/mingw32/9.2.0/../../../libkernel32.a(dlrulbs00814.o)
 .idata$6       0x00410410       0x10 c:/mingw/bin/../lib/gcc/mingw32/9.2.0/../../../libkernel32.a(dlrulbs00817.o)
 .idata$6       0x00410420       0x16 c:/mingw/bin/../lib/gcc/mingw32/9.2.0/../../../libkernel32.a(dlrulbs00860.o)
 .idata$6       0x00410436       0x10 c:/mingw/bin/../lib/gcc/mingw32/9.2.0/../../../libkernel32.a(dlrulbs01082.o)
 .idata$6       0x00410446       0x1e c:/mingw/bin/../lib/gcc/mingw32/9.2.0/../../../libkernel32.a(dlrulbs01131.o)
 .idata$6       0x00410464        0x8 c:/mingw/bin/../lib/gcc/mingw32/9.2.0/../../../libkernel32.a(dlrulbs01143.o)
 .idata$6       0x0041046c        0xe c:/mingw/bin/../lib/gcc/mingw32/9.2.0/../../../libkernel32.a(dlrulbs01164.o)
 .idata$6       0x0041047a       0x12 c:/mingw/bin/../lib/gcc/mingw32/9.2.0/../../../libkernel32.a(dlrulbs01204.o)
 .idata$6       0x0041048c       0x10 c:/mingw/bin/../lib/gcc/mingw32/9.2.0/../../../libkernel32.a(dlrulbs01206.o)
 .idata$6       0x0041049c       0x16 c:/mingw/bin/../lib/gcc/mingw32/9.2.0/../../../libkernel32.a(dlrulbs01238.o)
 .idata$6       0x004104b2        0xa c:/mingw/bin/../lib/gcc/mingw32/9.2.0/../../../libmoldname.a(dlhslbs00080.o)
 .idata$6       0x004104bc        0xc c:/mingw/bin/../lib/gcc/mingw32/9.2.0/../../../libmoldname.a(dlhslbs00082.o)
 .idata$6       0x004104c8       0x10 c:/mingw/bin/../lib/gcc/mingw32/9.2.0/../../../libmsvcrt.a(dzsrlbs00088.o)
 .idata$6       0x004104d8       0x10 c:/mingw/bin/../lib/gcc/mingw32/9.2.0/../../../libmsvcrt.a(dzsrlbs00119.o)
 .idata$6       0x004104e8       0x10 c:/mingw/bin/../lib/gcc/mingw32/9.2.0/../../../libmsvcrt.a(dzsrlbs00131.o)
 .idata$6       0x004104f8        0xe c:/mingw/bin/../lib/gcc/mingw32/9.2.0/../../../libmsvcrt.a(dzsrlbs00133.o)
 .idata$6       0x00410506       0x12 c:/mingw/bin/../lib/gcc/mingw32/9.2.0/../../../libmsvcrt.a(dzsrlbs00153.o)
 .idata$6       0x00410518        0xa c:/mingw/bin/../lib/gcc/mingw32/9.2.0/../../../libmsvcrt.a(dzsrlbs00214.o)
 .idata$6       0x00410522        0xa c:/mingw/bin/../lib/gcc/mingw32/9.2.0/../../../libmsvcrt.a(dzsrlbs00279.o)
 .idata$6       0x0041052c        0xc c:/mingw/bin/../lib/gcc/mingw32/9.2.0/../../../libmsvcrt.a(dzsrlbs00318.o)
 .idata$6       0x00410538        0xc c:/mingw/bin/../lib/gcc/mingw32/9.2.0/../../../libmsvcrt.a(dzsrlbs00344.o)
 .idata$6       0x00410544        0x8 c:/mingw/bin/../lib/gcc/mingw32/9.2.0/../../../libmsvcrt.a(dzsrlbs00411.o)
 .idata$6       0x0041054c        0xc c:/mingw/bin/../lib/gcc/mingw32/9.2.0/../../../libmsvcrt.a(dzsrlbs00416.o)
 .idata$6       0x00410558        0xa c:/mingw/bin/../lib/gcc/mingw32/9.2.0/../../../libmsvcrt.a(dzsrlbs00680.o)
 .idata$6       0x00410562        0xa c:/mingw/bin/../lib/gcc/mingw32/9.2.0/../../../libmsvcrt.a(dzsrlbs00683.o)
 .idata$6       0x0041056c        0xa c:/mingw/bin/../lib/gcc/mingw32/9.2.0/../../../libmsvcrt.a(dzsrlbs00692.o)
 .idata$6       0x00410576        0xc c:/mingw/bin/../lib/gcc/mingw32/9.2.0/../../../libmsvcrt.a(dzsrlbs00747.o)
 .idata$6       0x00410582        0x8 c:/mingw/bin/../lib/gcc/mingw32/9.2.0/../../../libmsvcrt.a(dzsrlbs01077.o)
 .idata$6       0x0041058a        0xa c:/mingw/bin/../lib/gcc/mingw32/9.2.0/../../../libmsvcrt.a(dzsrlbs01085.o)
 .idata$6       0x00410594        0x8 c:/mingw/bin/../lib/gcc/mingw32/9.2.0/../../../libmsvcrt.a(dzsrlbs01087.o)
 .idata$6       0x0041059c        0xa c:/mingw/bin/../lib/gcc/mingw32/9.2.0/../../../libmsvcrt.a(dzsrlbs01092.o)
 .idata$6       0x004105a6        0x8 c:/mingw/bin/../lib/gcc/mingw32/9.2.0/../../../libmsvcrt.a(dzsrlbs01120.o)
 .idata$6       0x004105ae        0xa c:/mingw/bin/../lib/gcc/mingw32/9.2.0/../../../libmsvcrt.a(dzsrlbs01136.o)
 .idata$6       0x004105b8        0xa c:/mingw/bin/../lib/gcc/mingw32/9.2.0/../../../libmsvcrt.a(dzsrlbs01141.o)
 .idata$6       0x004105c2        0xe c:/mingw/bin/../lib/gcc/mingw32/9.2.0/../../../libmsvcrt.a(dzsrlbs01176.o)
 .idata$6       0x004105d0        0xa c:/mingw/bin/../lib/gcc/mingw32/9.2.0/../../../libmsvcrt.a(dzsrlbs01181.o)
 .idata$6       0x004105da        0xc c:/mingw/bin/../lib/gcc/mingw32/9.2.0/../../../libmsvcrt.a(dzsrlbs01188.o)
 .idata$6       0x004105e6        0xa c:/mingw/bin/../lib/gcc/mingw32/9.2.0/../../../libmsvcrt.a(dzsrlbs01193.o)
 .idata$6       0x004105f0        0xa c:/mingw/bin/../lib/gcc/mingw32/9.2.0/../../../libmsvcrt.a(dzsrlbs01195.o)
 .idata$6       0x004105fa        0xc c:/mingw/bin/../lib/gcc/mingw32/9.2.0/../../../libmsvcrt.a(dzsrlbs01221.o)
 .idata$6       0x00410606        0xa c:/mingw/bin/../lib/gcc/mingw32/9.2.0/../../../libmsvcrt.a(dzsrlbs01223.o)
 .idata$6       0x00410610        0xa c:/mingw/bin/../lib/gcc/mingw32/9.2.0/../../../libmsvcrt.a(dzsrlbs01234.o)
 .idata$6       0x0041061a        0xa c:/mingw/bin/../lib/gcc/mingw32/9.2.0/../../../libmsvcrt.a(dzsrlbs01235.o)
 .idata$6       0x00410624        0xa c:/mingw/bin/../lib/gcc/mingw32/9.2.0/../../../libmsvcrt.a(dzsrlbs01236.o)
 .idata$6       0x0041062e        0xa c:/mingw/bin/../lib/gcc/mingw32/9.2.0/../../../libmsvcrt.a(dzsrlbs01243.o)
 .idata$6       0x00410638        0xa c:/mingw/bin/../lib/gcc/mingw32/9.2.0/../../../libmsvcrt.a(dzsrlbs01271.o)
 .idata$6       0x00410642        0xc c:/mingw/bin/../lib/gcc/mingw32/9.2.0/../../../libmsvcrt.a(dzsrlbs01278.o)
 .idata$6       0x0041064e        0xa c:/mingw/bin/../lib/gcc/mingw32/9.2.0/../../../libmsvcrt.a(dzsrlbs01302.o)
 .idata$6       0x00410658        0xc c:/mingw/bin/../lib/gcc/mingw32/9.2.0/../../../libmsvcrt.a(dzsrlbs01319.o)
 .idata$6       0x00410664        0x8 c:/mingw/bin/../lib/gcc/mingw32/9.2.0/../../../libmsvcrt.a(dzsrlbs21125.o)
 .idata$6       0x0041066c        0xa c:/mingw/bin/../lib/gcc/mingw32/9.2.0/../../../libmsvcrt.a(dzsrlbs21214.o)
 *fill*         0x00410676        0x2 
 .idata$6       0x00410678       0x1c c:/mingw/bin/../lib/gcc/mingw32/9.2.0/libgcc_s.a(d000037.o)
 .idata$6       0x00410694       0x18 c:/mingw/bin/../lib/gcc/mingw32/9.2.0/libgcc_s.a(d000046.o)